<testsuites id="" name="" tests="220" failures="23" skipped="3" errors="0" time="423.51427">
<testsuite name="frontend\admin-management.spec.ts" timestamp="2026-04-05T20:32:55.559Z" hostname="frontend-chromium" tests="2" failures="1" skipped="1" time="2.276" errors="0">
<testcase name="Admin management › ADM01 - admin deve listar produtos reais e excluir o último cadastrado" classname="frontend\admin-management.spec.ts" time="2.276">
<failure message="admin-management.spec.ts:117:3 ADM01 - admin deve listar produtos reais e excluir o último cadastrado" type="FAILURE">
<![CDATA[  [frontend-chromium] › frontend\admin-management.spec.ts:117:3 › Admin management › ADM01 - admin deve listar produtos reais e excluir o último cadastrado 

    TimeoutError: browserType.launch: Timeout 180000ms exceeded.
    Call log:
      - <launching> C:\Users\reina\AppData\Local\ms-playwright\chromium-1208\chrome-win64\chrome.exe --disable-field-trial-config --disable-background-networking --disable-background-timer-throttling --disable-backgrounding-occluded-windows --disable-back-forward-cache --disable-breakpad --disable-client-side-phishing-detection --disable-component-extensions-with-background-pages --disable-component-update --no-default-browser-check --disable-default-apps --disable-dev-shm-usage --disable-extensions --disable-features=AvoidUnnecessaryBeforeUnloadCheckSync,BoundaryEventDispatchTracksNodeRemoval,DestroyProfileOnBrowserClose,DialMediaRouteProvider,GlobalMediaControls,HttpsUpgrades,LensOverlay,MediaRouter,PaintHolding,ThirdPartyStoragePartitioning,Translate,AutoDeElevate,RenderDocument,OptimizationHints --enable-features=CDPScreenshotNewSurface --allow-pre-commit-input --disable-hang-monitor --disable-ipc-flooding-protection --disable-popup-blocking --disable-prompt-on-repost --disable-renderer-backgrounding --force-color-profile=srgb --metrics-recording-only --no-first-run --password-store=basic --use-mock-keychain --no-service-autorun --export-tagged-pdf --disable-search-engine-choice-screen --unsafely-disable-devtools-self-xss-warnings --edge-skip-compat-layer-relaunch --enable-automation --disable-infobars --disable-search-engine-choice-screen --disable-sync --enable-unsafe-swiftshader --no-sandbox --user-data-dir=C:\Users\reina\AppData\Local\Temp\playwright_chromiumdev_profile-of6lcU --remote-debugging-pipe --no-startup-window
      - <launched> pid=51364
      - [pid=51364][err] [51364:51060:0405/173257.973:ERROR:net\disk_cache\simple\simple_backend_impl.cc:80] Failed to create directory: C:\Users\reina\AppData\Local\Temp\playwright_chromiumdev_profile-of6lcU\Default\Code Cache\wasm
      - [pid=51364][err] [51364:36932:0405/173257.978:ERROR:components\password_manager\core\browser\password_store\login_database.cc:1141] Unable to open the password store database.
      - [pid=51364][err] [51364:36932:0405/173257.978:ERROR:components\password_manager\core\browser\password_store\login_database_async_helper.cc:79] Could not create/open login database.
      - [pid=51364][err] [51364:44348:0405/173257.978:ERROR:components\password_manager\core\browser\password_store\login_database.cc:1141] Unable to open the password store database.
      - [pid=51364][err] [51364:44348:0405/173257.978:ERROR:components\password_manager\core\browser\password_store\login_database_async_helper.cc:79] Could not create/open login database.
      - [pid=51364][err] [51364:49324:0405/173257.978:ERROR:net\disk_cache\simple\simple_backend_impl.cc:80] Failed to create directory: C:\Users\reina\AppData\Local\Temp\playwright_chromiumdev_profile-of6lcU\Default\Code Cache\js
      - [pid=51364][err] [51364:51060:0405/173257.980:ERROR:net\disk_cache\simple\simple_backend_impl.cc:80] Failed to create directory: C:\Users\reina\AppData\Local\Temp\playwright_chromiumdev_profile-of6lcU\Default\Code Cache\wasm
      - [pid=51364][err] [51364:51060:0405/173257.980:ERROR:net\disk_cache\simple\simple_backend_impl.cc:744] Simple Cache Backend: wrong file structure on disk: 1 path: C:\Users\reina\AppData\Local\Temp\playwright_chromiumdev_profile-of6lcU\Default\Code Cache\wasm
      - [pid=51364][err] [51364:48632:0405/173257.981:ERROR:net\disk_cache\cache_util_win.cc:25] Unable to move the cache: O sistema não pode encontrar o caminho especificado. (0x3)
      - [pid=51364][err] [51364:36564:0405/173257.981:ERROR:content\browser\network_sandbox.cc:467] Failed to create network context data directory C:\Users\reina\AppData\Local\Temp\playwright_chromiumdev_profile-of6lcU\Default\Network: Espaço insuficiente no disco. (0x70)
      - [pid=51364][err] [51364:46052:0405/173257.981:ERROR:net\disk_cache\disk_cache.cc:272] Unable to create cache
      - [pid=51364][err] [51364:49324:0405/173257.981:ERROR:net\disk_cache\simple\simple_backend_impl.cc:80] Failed to create directory: C:\Users\reina\AppData\Local\Temp\playwright_chromiumdev_profile-of6lcU\Default\Code Cache\js
      - [pid=51364][err] [51364:49324:0405/173257.981:ERROR:net\disk_cache\simple\simple_backend_impl.cc:744] Simple Cache Backend: wrong file structure on disk: 1 path: C:\Users\reina\AppData\Local\Temp\playwright_chromiumdev_profile-of6lcU\Default\Code Cache\js
      - [pid=51364][err] [51364:52916:0405/173257.981:ERROR:net\disk_cache\cache_util_win.cc:25] Unable to move the cache: O sistema não pode encontrar o caminho especificado. (0x3)
      - [pid=51364][err] [51364:46052:0405/173257.981:ERROR:net\disk_cache\disk_cache.cc:272] Unable to create cache
      - [pid=51364][err] [51364:48632:0405/173257.988:ERROR:content\browser\network_sandbox.cc:467] Failed to create network context data directory C:\Users\reina\AppData\Local\Temp\playwright_chromiumdev_profile-of6lcU\Default\Safe Browsing Network: Espaço insuficiente no disco. (0x70)


    Retry #1 ───────────────────────────────────────────────────────────────────────────────────────

    Error: expect(received).toBe(expected) // Object.is equality

    Expected: 200
    Received: 401

      45 |   });
      46 |
    > 47 |   expect(response.status()).toBe(200);
         |                             ^
      48 |   const payload = await response.json();
      49 |   expect(payload.accessToken).toBeTruthy();
      50 |   expect(payload.user?.isAdmin).toBeTruthy();
        at loginAsAdmin (D:\github-projects\tester.com\web\e2e\specs\frontend\admin-management.spec.ts:47:29)
        at D:\github-projects\tester.com\web\e2e\specs\frontend\admin-management.spec.ts:119:26

    attachment #1: screenshot (image/png) ──────────────────────────────────────────────────────────
    ..\..\..\..\test-results\frontend-admin-management--8c51a-excluir-o-último-cadastrado-frontend-chromium-retry1\test-failed-1.png
    ────────────────────────────────────────────────────────────────────────────────────────────────

    attachment #3: video (video/webm) ──────────────────────────────────────────────────────────────
    ..\..\..\..\test-results\frontend-admin-management--8c51a-excluir-o-último-cadastrado-frontend-chromium-retry1\video.webm
    ────────────────────────────────────────────────────────────────────────────────────────────────

    attachment #4: trace (application/zip) ─────────────────────────────────────────────────────────
    ..\..\..\..\test-results\frontend-admin-management--8c51a-excluir-o-último-cadastrado-frontend-chromium-retry1\trace.zip
    Usage:

        npx playwright show-trace ..\..\..\..\test-results\frontend-admin-management--8c51a-excluir-o-último-cadastrado-frontend-chromium-retry1\trace.zip

    ────────────────────────────────────────────────────────────────────────────────────────────────
]]>
</failure>
<system-out>
<![CDATA[
[[ATTACHMENT|..\test-results\frontend-admin-management--8c51a-excluir-o-último-cadastrado-frontend-chromium-retry1\test-failed-1.png]]

[[ATTACHMENT|..\test-results\frontend-admin-management--8c51a-excluir-o-último-cadastrado-frontend-chromium-retry1\video.webm]]

[[ATTACHMENT|..\test-results\frontend-admin-management--8c51a-excluir-o-último-cadastrado-frontend-chromium-retry1\trace.zip]]
]]>
</system-out>
</testcase>
<testcase name="Admin management › ADM02 - admin deve listar usuários reais e excluir o último cadastrado" classname="frontend\admin-management.spec.ts" time="0">
<skipped>
</skipped>
</testcase>
</testsuite>
<testsuite name="frontend\auth.spec.ts" timestamp="2026-04-05T20:32:55.559Z" hostname="frontend-chromium" tests="6" failures="0" skipped="0" time="15.921" errors="0">
<testcase name="Login › TS01 - should log in successfully with next redirect and greeting" classname="frontend\auth.spec.ts" time="3.15">
<system-out>
<![CDATA[
[[ATTACHMENT|..\test-results\frontend-auth-Login-TS01---f2a21--next-redirect-and-greeting-frontend-chromium-retry1\trace.zip]]
]]>
</system-out>
</testcase>
<testcase name="Login › TS02 - should display error for invalid credentials" classname="frontend\auth.spec.ts" time="3.161">
<system-out>
<![CDATA[
[[ATTACHMENT|..\test-results\frontend-auth-Login-TS02---f5cfa-ror-for-invalid-credentials-frontend-chromium-retry1\trace.zip]]
]]>
</system-out>
</testcase>
<testcase name="Login › TS03 - should validate required fields" classname="frontend\auth.spec.ts" time="2.844">
<system-out>
<![CDATA[
[[ATTACHMENT|..\test-results\frontend-auth-Login-TS03---should-validate-required-fields-frontend-chromium-retry1\trace.zip]]
]]>
</system-out>
</testcase>
<testcase name="Login › TS04 - should show validation when password is blank" classname="frontend\auth.spec.ts" time="3.133">
<system-out>
<![CDATA[
[[ATTACHMENT|..\test-results\frontend-auth-Login-TS04---e0854-tion-when-password-is-blank-frontend-chromium-retry1\trace.zip]]
]]>
</system-out>
</testcase>
<testcase name="Login › TS05 - should show validation when email is blank" classname="frontend\auth.spec.ts" time="1.88">
</testcase>
<testcase name="Login › TS06 - should keep authenticated state after reload" classname="frontend\auth.spec.ts" time="1.753">
</testcase>
</testsuite>
<testsuite name="frontend\cart-checkout.spec.ts" timestamp="2026-04-05T20:32:55.559Z" hostname="frontend-chromium" tests="12" failures="0" skipped="0" time="120.993" errors="0">
<testcase name="Cart and Checkout › TS01 authenticated user should complete checkout and navigate to thank-you page" classname="frontend\cart-checkout.spec.ts" time="6.447">
</testcase>
<testcase name="Cart and Checkout › TS02 non-authenticated user should be redirected to login with next parameter" classname="frontend\cart-checkout.spec.ts" time="6.039">
</testcase>
<testcase name="Cart and Checkout › TS03 empty cart should keep checkout unavailable" classname="frontend\cart-checkout.spec.ts" time="1.097">
</testcase>
<testcase name="Cart and Checkout › TS04 should update quantity, total and badge for a valid positive value" classname="frontend\cart-checkout.spec.ts" time="52.718">
<system-out>
<![CDATA[
[[ATTACHMENT|..\test-results\frontend-cart-checkout-Car-af446--for-a-valid-positive-value-frontend-chromium\test-failed-1.png]]

[[ATTACHMENT|..\test-results\frontend-cart-checkout-Car-af446--for-a-valid-positive-value-frontend-chromium\video.webm]]

[[ATTACHMENT|..\test-results\frontend-cart-checkout-Car-af446--for-a-valid-positive-value-frontend-chromium\error-context.md]]

[[ATTACHMENT|..\test-results\frontend-cart-checkout-Car-af446--for-a-valid-positive-value-frontend-chromium-retry1\trace.zip]]
]]>
</system-out>
</testcase>
<testcase name="Cart and Checkout › TS05 should keep previous quantity when value is zero" classname="frontend\cart-checkout.spec.ts" time="6.153">
</testcase>
<testcase name="Cart and Checkout › TS06 should keep previous quantity when value is negative" classname="frontend\cart-checkout.spec.ts" time="6.146">
</testcase>
<testcase name="Cart and Checkout › TS07 should handle larger valid quantity values correctly" classname="frontend\cart-checkout.spec.ts" time="6.257">
</testcase>
<testcase name="Cart and Checkout › TS08 should normalize decimal input to integer quantity" classname="frontend\cart-checkout.spec.ts" time="6.06">
</testcase>
<testcase name="Cart and Checkout › TS09 should remove a single item and show empty cart state" classname="frontend\cart-checkout.spec.ts" time="6.138">
</testcase>
<testcase name="Cart and Checkout › TS10 should add three items, remove all of them, and validate empty cart" classname="frontend\cart-checkout.spec.ts" time="6.355">
</testcase>
<testcase name="Cart and Checkout › TS11 should clear cart after successful checkout when leaving thank-you page" classname="frontend\cart-checkout.spec.ts" time="11.261">
</testcase>
<testcase name="Cart and Checkout › TS12 should decrement cart badge after each item removal" classname="frontend\cart-checkout.spec.ts" time="6.322">
</testcase>
</testsuite>
<testsuite name="frontend\catalog.spec.ts" timestamp="2026-04-05T20:32:55.559Z" hostname="frontend-chromium" tests="6" failures="0" skipped="0" time="7.288" errors="0">
<testcase name="Catalog Page › TS01 deve listar produtos ao carregar página" classname="frontend\catalog.spec.ts" time="1.026">
</testcase>
<testcase name="Catalog Page › TS02 deve permitir busca por texto e atualizar contagem" classname="frontend\catalog.spec.ts" time="1.129">
</testcase>
<testcase name="Catalog Page › TS03 deve aplicar filtro por categoria" classname="frontend\catalog.spec.ts" time="1.079">
</testcase>
<testcase name="Catalog Page › TS04 deve mostrar estado vazio quando busca não retorna itens" classname="frontend\catalog.spec.ts" time="1.196">
</testcase>
<testcase name="Catalog Page › TS05 deve navegar para detalhes ao clicar no produto" classname="frontend\catalog.spec.ts" time="1.584">
</testcase>
<testcase name="Catalog Page › TS06 should preserve search filter after navigating to details and back" classname="frontend\catalog.spec.ts" time="1.274">
</testcase>
</testsuite>
<testsuite name="frontend\login.spec.ts" timestamp="2026-04-05T20:32:55.559Z" hostname="frontend-chromium" tests="5" failures="0" skipped="0" time="40.108" errors="0">
<testcase name="Login › TS01 - Should successfully log in when providing valid credentials" classname="frontend\login.spec.ts" time="34.549">
<system-out>
<![CDATA[
[[ATTACHMENT|..\test-results\frontend-login-Login-TS01--59d83-providing-valid-credentials-frontend-chromium\test-failed-1.png]]

[[ATTACHMENT|..\test-results\frontend-login-Login-TS01--59d83-providing-valid-credentials-frontend-chromium\video.webm]]

[[ATTACHMENT|..\test-results\frontend-login-Login-TS01--59d83-providing-valid-credentials-frontend-chromium\error-context.md]]

[[ATTACHMENT|..\test-results\frontend-login-Login-TS01--59d83-providing-valid-credentials-frontend-chromium-retry1\trace.zip]]
]]>
</system-out>
</testcase>
<testcase name="Login › TS02 - Should display an error alert when credentials are invalid" classname="frontend\login.spec.ts" time="1.511">
</testcase>
<testcase name="Login › TS03 - Should display a validation message when submitting with empty fields" classname="frontend\login.spec.ts" time="1.308">
</testcase>
<testcase name="Login › TS04 - Should display a validation message when password is empty" classname="frontend\login.spec.ts" time="1.371">
</testcase>
<testcase name="Login › TS05 - Should navigate to the register page when clicking the create account button" classname="frontend\login.spec.ts" time="1.369">
</testcase>
</testsuite>
<testsuite name="frontend\orders.checkout.spec.ts" timestamp="2026-04-05T20:32:55.559Z" hostname="frontend-chromium" tests="2" failures="0" skipped="0" time="12.332" errors="0">
<testcase name="Frontend Checkout with Orders API › deve chamar POST /api/orders e concluir pagamento antes de ir para thank-you" classname="frontend\orders.checkout.spec.ts" time="6.36">
</testcase>
<testcase name="Frontend Checkout with Orders API › deve permanecer no carrinho quando POST /api/orders falhar" classname="frontend\orders.checkout.spec.ts" time="5.972">
</testcase>
</testsuite>
<testsuite name="frontend\payments-card-brands.spec.ts" timestamp="2026-04-05T20:32:55.559Z" hostname="frontend-chromium" tests="4" failures="0" skipped="0" time="42.896" errors="0">
<testcase name="Payments - Card Brands › TS01 should hide brands initially and show strip after typing card number" classname="frontend\payments-card-brands.spec.ts" time="6.344">
</testcase>
<testcase name="Payments - Card Brands › TS02 should activate each card brand when matching number is typed" classname="frontend\payments-card-brands.spec.ts" time="8.763">
</testcase>
<testcase name="Payments - Card Brands › TS03 should render all required card brands in accepted list" classname="frontend\payments-card-brands.spec.ts" time="18.269">
</testcase>
<testcase name="Payments - Card Brands › TS04 should capture screenshot for each card brand before confirmation" classname="frontend\payments-card-brands.spec.ts" time="9.52">
<system-out>
<![CDATA[
[[ATTACHMENT|..\test-results\frontend-payments-card-bra-39c10-d-brand-before-confirmation-frontend-chromium\attachments\payments-card-data-before-confirmation-visa-5479b99a1b285108d25ce614f44963174625daa0.png]]

[[ATTACHMENT|..\test-results\frontend-payments-card-bra-39c10-d-brand-before-confirmation-frontend-chromium\attachments\payments-card-data-before-confirmation-mastercard-345dcee65ee624fbba133edf6430a0f86924e68b.png]]

[[ATTACHMENT|..\test-results\frontend-payments-card-bra-39c10-d-brand-before-confirmation-frontend-chromium\attachments\payments-card-data-before-confirmation-elo-a0b1df8c44ddf181fc45ff4ba6a41db6446ed0ef.png]]

[[ATTACHMENT|..\test-results\frontend-payments-card-bra-39c10-d-brand-before-confirmation-frontend-chromium\attachments\payments-card-data-before-confirmation-amex-2e15092f435f28f96b9c772044d0092ce539da0d.png]]

[[ATTACHMENT|..\test-results\frontend-payments-card-bra-39c10-d-brand-before-confirmation-frontend-chromium\attachments\payments-card-data-before-confirmation-hipercard-704d263c789328494ff1f4b01fdda1b3bbefe4c0.png]]

[[ATTACHMENT|..\test-results\frontend-payments-card-bra-39c10-d-brand-before-confirmation-frontend-chromium\attachments\payments-card-data-before-confirmation-hiper-5682006223c84a221ac008e1fde63fc94ee1d809.png]]

[[ATTACHMENT|..\test-results\frontend-payments-card-bra-39c10-d-brand-before-confirmation-frontend-chromium\attachments\payments-card-data-before-confirmation-cabal-371d413a7702a1cdbe93914caf63f2879a642541.png]]

[[ATTACHMENT|..\test-results\frontend-payments-card-bra-39c10-d-brand-before-confirmation-frontend-chromium\attachments\payments-card-data-before-confirmation-verdecard-7461c13fb0b9fc3c3b4d61b0c2b08945ea94e57c.png]]

[[ATTACHMENT|..\test-results\frontend-payments-card-bra-39c10-d-brand-before-confirmation-frontend-chromium\attachments\payments-card-data-before-confirmation-unionpay-f881b41a2a504b8b33c7d6650154ac1324913f77.png]]

[[ATTACHMENT|..\test-results\frontend-payments-card-bra-39c10-d-brand-before-confirmation-frontend-chromium\attachments\payments-card-data-before-confirmation-diners-73d800e8d17337425e22e0bde9377b6dbaabf58c.png]]
]]>
</system-out>
</testcase>
</testsuite>
<testsuite name="frontend\product-details.spec.ts" timestamp="2026-04-05T20:32:55.559Z" hostname="frontend-chromium" tests="4" failures="0" skipped="0" time="6.545" errors="0">
<testcase name="Product Details › TS01 deve exibir dados principais do produto" classname="frontend\product-details.spec.ts" time="1.742">
</testcase>
<testcase name="Product Details › TS02/TS03 deve permitir adicionar ao carrinho e atualizar badge" classname="frontend\product-details.spec.ts" time="2.177">
</testcase>
<testcase name="Product Details › TS04 deve tratar ID inválido" classname="frontend\product-details.spec.ts" time="1.151">
</testcase>
<testcase name="Product Details › TS05 deve voltar para catálogo" classname="frontend\product-details.spec.ts" time="1.475">
</testcase>
</testsuite>
<testsuite name="frontend\real-purchase-flow.spec.ts" timestamp="2026-04-05T20:32:55.559Z" hostname="frontend-chromium" tests="3" failures="0" skipped="0" time="60.051" errors="0">
<testcase name="🛒 Fluxo de Compra Real (sem mock) › TS01 — Login real + produto aleatório + checkout + pagamento com cartão" classname="frontend\real-purchase-flow.spec.ts" time="22.123">
<system-out>
<![CDATA[
▶ Produto sorteado: [10] eXtreme Go Horse (XGH) — R$ 49.9

✅ Compra com cartão concluída! Produto: eXtreme Go Horse (XGH)
   API pagamento: HTTP 201 — status: authorized
]]>
</system-out>
</testcase>
<testcase name="🛒 Fluxo de Compra Real (sem mock) › TS02 — Busca de produto real + compra com cartão de crédito" classname="frontend\real-purchase-flow.spec.ts" time="20.903">
<system-out>
<![CDATA[
▶ Produto: [10] eXtreme Go Horse (XGH)
▶ Termo de busca: "eXtreme Go"

✅ Compra via busca concluída! Termo: "eXtreme Go"
]]>
</system-out>
</testcase>
<testcase name="🛒 Fluxo de Compra Real (sem mock) › TS03 — Múltiplos produtos aleatórios + checkout com PIX" classname="frontend\real-purchase-flow.spec.ts" time="17.025">
<system-out>
<![CDATA[
▶ Adicionando até 3 produtos aleatórios:
   • [10] eXtreme Go Horse (XGH) — R$ 49.9
   • [3] Fones de Ouvido — R$ 35.99
   • [2] Câmera Vintage — R$ 85.5

✅ Compra com PIX concluída! 3 produto(s).
]]>
</system-out>
</testcase>
</testsuite>
<testsuite name="frontend\register-language.spec.ts" timestamp="2026-04-05T20:32:55.559Z" hostname="frontend-chromium" tests="4" failures="0" skipped="0" time="26.851" errors="0">
<testcase name="Register and Language › TS01 registro PF completo com sucesso" classname="frontend\register-language.spec.ts" time="5.205">
</testcase>
<testcase name="Register and Language › TS03 validação de campos obrigatórios no registro" classname="frontend\register-language.spec.ts" time="10.851">
</testcase>
<testcase name="Register and Language › TS01/TS02 idioma alterna e persiste após reload" classname="frontend\register-language.spec.ts" time="8.886">
</testcase>
<testcase name="Register and Language › TS04 should render cart empty-state content in English after language toggle" classname="frontend\register-language.spec.ts" time="1.909">
</testcase>
</testsuite>
<testsuite name="frontend\register-login.spec.ts" timestamp="2026-04-05T20:32:55.559Z" hostname="frontend-chromium" tests="3" failures="0" skipped="0" time="13.105" errors="0">
<testcase name="Register → Login — Fluxo Completo › TS01 - Should register a new user and immediately login with the same credentials" classname="frontend\register-login.spec.ts" time="3.654">
</testcase>
<testcase name="Register → Login — Fluxo Completo › TS02 - Should allow the user to log out and log back in with the same credentials" classname="frontend\register-login.spec.ts" time="7.694">
</testcase>
<testcase name="Register → Login — Fluxo Completo › TS03 - Should show an error when logging in with wrong password after registration" classname="frontend\register-login.spec.ts" time="1.757">
</testcase>
</testsuite>
<testsuite name="frontend\register.spec.ts" timestamp="2026-04-05T20:32:55.559Z" hostname="frontend-chromium" tests="7" failures="0" skipped="0" time="16.882" errors="0">
<testcase name="Register › TS01 - Should successfully register a new user when providing all valid requirements" classname="frontend\register.spec.ts" time="3.207">
</testcase>
<testcase name="Register › TS02 - rejeita email em formato inválido aleatório" classname="frontend\register.spec.ts" time="2.155">
</testcase>
<testcase name="Register › TS03 - rejeita senha curta no step 0" classname="frontend\register.spec.ts" time="2.213">
</testcase>
<testcase name="Register › TS04 - rejeita senhas não-correspondentes com dados aleatórios" classname="frontend\register.spec.ts" time="2.253">
</testcase>
<testcase name="Register › TS05 - Should display specific validation errors and prevent step advancement when individual required fields are empty" classname="frontend\register.spec.ts" time="2.17">
</testcase>
<testcase name="Register › TS06 - rejeita email duplicado com dados aleatórios" classname="frontend\register.spec.ts" time="3.091">
</testcase>
<testcase name="Register › TS07 - valida todos os campos vazios com mensagens de validação individuais" classname="frontend\register.spec.ts" time="1.793">
</testcase>
</testsuite>
<testsuite name="frontend\security.spec.ts" timestamp="2026-04-05T20:32:55.559Z" hostname="frontend-chromium" tests="3" failures="0" skipped="0" time="9.782" errors="0">
<testcase name="Security / Access Control › SE01 - Não logado tentando fazer checkout deve redirecionar para login" classname="frontend\security.spec.ts" time="6.492">
</testcase>
<testcase name="Security / Access Control › SE02 - Tentar acessar a página de confirmação (/thank-you) diretamente sem estar logado deve redirecionar" classname="frontend\security.spec.ts" time="1.408">
</testcase>
<testcase name="Security / Access Control › SE03 - Should revoke protected access after logout" classname="frontend\security.spec.ts" time="1.882">
</testcase>
</testsuite>
<testsuite name="frontend\admin-management.spec.ts" timestamp="2026-04-05T20:32:55.559Z" hostname="frontend-webkit" tests="2" failures="1" skipped="1" time="5.576" errors="0">
<testcase name="Admin management › ADM01 - admin deve listar produtos reais e excluir o último cadastrado" classname="frontend\admin-management.spec.ts" time="5.576">
<failure message="admin-management.spec.ts:117:3 ADM01 - admin deve listar produtos reais e excluir o último cadastrado" type="FAILURE">
<![CDATA[  [frontend-webkit] › frontend\admin-management.spec.ts:117:3 › Admin management › ADM01 - admin deve listar produtos reais e excluir o último cadastrado 

    Error: expect(received).toBe(expected) // Object.is equality

    Expected: 200
    Received: 401

      45 |   });
      46 |
    > 47 |   expect(response.status()).toBe(200);
         |                             ^
      48 |   const payload = await response.json();
      49 |   expect(payload.accessToken).toBeTruthy();
      50 |   expect(payload.user?.isAdmin).toBeTruthy();
        at loginAsAdmin (D:\github-projects\tester.com\web\e2e\specs\frontend\admin-management.spec.ts:47:29)
        at D:\github-projects\tester.com\web\e2e\specs\frontend\admin-management.spec.ts:119:26

    attachment #1: screenshot (image/png) ──────────────────────────────────────────────────────────
    ..\..\..\..\test-results\frontend-admin-management--8c51a-excluir-o-último-cadastrado-frontend-webkit\test-failed-1.png
    ────────────────────────────────────────────────────────────────────────────────────────────────

    attachment #3: video (video/webm) ──────────────────────────────────────────────────────────────
    ..\..\..\..\test-results\frontend-admin-management--8c51a-excluir-o-último-cadastrado-frontend-webkit\video.webm
    ────────────────────────────────────────────────────────────────────────────────────────────────

    Retry #1 ───────────────────────────────────────────────────────────────────────────────────────

    Error: expect(received).toBe(expected) // Object.is equality

    Expected: 200
    Received: 401

      45 |   });
      46 |
    > 47 |   expect(response.status()).toBe(200);
         |                             ^
      48 |   const payload = await response.json();
      49 |   expect(payload.accessToken).toBeTruthy();
      50 |   expect(payload.user?.isAdmin).toBeTruthy();
        at loginAsAdmin (D:\github-projects\tester.com\web\e2e\specs\frontend\admin-management.spec.ts:47:29)
        at D:\github-projects\tester.com\web\e2e\specs\frontend\admin-management.spec.ts:119:26

    attachment #1: screenshot (image/png) ──────────────────────────────────────────────────────────
    ..\..\..\..\test-results\frontend-admin-management--8c51a-excluir-o-último-cadastrado-frontend-webkit-retry1\test-failed-1.png
    ────────────────────────────────────────────────────────────────────────────────────────────────

    attachment #3: video (video/webm) ──────────────────────────────────────────────────────────────
    ..\..\..\..\test-results\frontend-admin-management--8c51a-excluir-o-último-cadastrado-frontend-webkit-retry1\video.webm
    ────────────────────────────────────────────────────────────────────────────────────────────────

    attachment #4: trace (application/zip) ─────────────────────────────────────────────────────────
    ..\..\..\..\test-results\frontend-admin-management--8c51a-excluir-o-último-cadastrado-frontend-webkit-retry1\trace.zip
    Usage:

        npx playwright show-trace ..\..\..\..\test-results\frontend-admin-management--8c51a-excluir-o-último-cadastrado-frontend-webkit-retry1\trace.zip

    ────────────────────────────────────────────────────────────────────────────────────────────────
]]>
</failure>
<system-out>
<![CDATA[
[[ATTACHMENT|..\test-results\frontend-admin-management--8c51a-excluir-o-último-cadastrado-frontend-webkit\test-failed-1.png]]

[[ATTACHMENT|..\test-results\frontend-admin-management--8c51a-excluir-o-último-cadastrado-frontend-webkit\video.webm]]

[[ATTACHMENT|..\test-results\frontend-admin-management--8c51a-excluir-o-último-cadastrado-frontend-webkit-retry1\test-failed-1.png]]

[[ATTACHMENT|..\test-results\frontend-admin-management--8c51a-excluir-o-último-cadastrado-frontend-webkit-retry1\video.webm]]

[[ATTACHMENT|..\test-results\frontend-admin-management--8c51a-excluir-o-último-cadastrado-frontend-webkit-retry1\trace.zip]]
]]>
</system-out>
</testcase>
<testcase name="Admin management › ADM02 - admin deve listar usuários reais e excluir o último cadastrado" classname="frontend\admin-management.spec.ts" time="0">
<skipped>
</skipped>
</testcase>
</testsuite>
<testsuite name="frontend\auth.spec.ts" timestamp="2026-04-05T20:32:55.559Z" hostname="frontend-webkit" tests="6" failures="0" skipped="0" time="43.92" errors="0">
<testcase name="Login › TS01 - should log in successfully with next redirect and greeting" classname="frontend\auth.spec.ts" time="7.536">
</testcase>
<testcase name="Login › TS02 - should display error for invalid credentials" classname="frontend\auth.spec.ts" time="7.391">
</testcase>
<testcase name="Login › TS03 - should validate required fields" classname="frontend\auth.spec.ts" time="6.782">
</testcase>
<testcase name="Login › TS04 - should show validation when password is blank" classname="frontend\auth.spec.ts" time="7.674">
</testcase>
<testcase name="Login › TS05 - should show validation when email is blank" classname="frontend\auth.spec.ts" time="6.758">
</testcase>
<testcase name="Login › TS06 - should keep authenticated state after reload" classname="frontend\auth.spec.ts" time="7.779">
</testcase>
</testsuite>
<testsuite name="frontend\cart-checkout.spec.ts" timestamp="2026-04-05T20:32:55.559Z" hostname="frontend-webkit" tests="12" failures="0" skipped="0" time="139.443" errors="0">
<testcase name="Cart and Checkout › TS01 authenticated user should complete checkout and navigate to thank-you page" classname="frontend\cart-checkout.spec.ts" time="13.606">
</testcase>
<testcase name="Cart and Checkout › TS02 non-authenticated user should be redirected to login with next parameter" classname="frontend\cart-checkout.spec.ts" time="10.069">
</testcase>
<testcase name="Cart and Checkout › TS03 empty cart should keep checkout unavailable" classname="frontend\cart-checkout.spec.ts" time="3.184">
</testcase>
<testcase name="Cart and Checkout › TS04 should update quantity, total and badge for a valid positive value" classname="frontend\cart-checkout.spec.ts" time="10.479">
</testcase>
<testcase name="Cart and Checkout › TS05 should keep previous quantity when value is zero" classname="frontend\cart-checkout.spec.ts" time="9.803">
</testcase>
<testcase name="Cart and Checkout › TS06 should keep previous quantity when value is negative" classname="frontend\cart-checkout.spec.ts" time="9.971">
</testcase>
<testcase name="Cart and Checkout › TS07 should handle larger valid quantity values correctly" classname="frontend\cart-checkout.spec.ts" time="9.733">
</testcase>
<testcase name="Cart and Checkout › TS08 should normalize decimal input to integer quantity" classname="frontend\cart-checkout.spec.ts" time="10.103">
</testcase>
<testcase name="Cart and Checkout › TS09 should remove a single item and show empty cart state" classname="frontend\cart-checkout.spec.ts" time="10.917">
</testcase>
<testcase name="Cart and Checkout › TS10 should add three items, remove all of them, and validate empty cart" classname="frontend\cart-checkout.spec.ts" time="17.658">
</testcase>
<testcase name="Cart and Checkout › TS11 should clear cart after successful checkout when leaving thank-you page" classname="frontend\cart-checkout.spec.ts" time="18.91">
</testcase>
<testcase name="Cart and Checkout › TS12 should decrement cart badge after each item removal" classname="frontend\cart-checkout.spec.ts" time="15.01">
</testcase>
</testsuite>
<testsuite name="frontend\catalog.spec.ts" timestamp="2026-04-05T20:32:55.559Z" hostname="frontend-webkit" tests="6" failures="0" skipped="0" time="22.037" errors="0">
<testcase name="Catalog Page › TS01 deve listar produtos ao carregar página" classname="frontend\catalog.spec.ts" time="2.685">
</testcase>
<testcase name="Catalog Page › TS02 deve permitir busca por texto e atualizar contagem" classname="frontend\catalog.spec.ts" time="3.028">
</testcase>
<testcase name="Catalog Page › TS03 deve aplicar filtro por categoria" classname="frontend\catalog.spec.ts" time="4.345">
</testcase>
<testcase name="Catalog Page › TS04 deve mostrar estado vazio quando busca não retorna itens" classname="frontend\catalog.spec.ts" time="3.009">
</testcase>
<testcase name="Catalog Page › TS05 deve navegar para detalhes ao clicar no produto" classname="frontend\catalog.spec.ts" time="3.946">
</testcase>
<testcase name="Catalog Page › TS06 should preserve search filter after navigating to details and back" classname="frontend\catalog.spec.ts" time="5.024">
</testcase>
</testsuite>
<testsuite name="frontend\login.spec.ts" timestamp="2026-04-05T20:32:55.559Z" hostname="frontend-webkit" tests="5" failures="0" skipped="0" time="26.078" errors="0">
<testcase name="Login › TS01 - Should successfully log in when providing valid credentials" classname="frontend\login.spec.ts" time="6.777">
</testcase>
<testcase name="Login › TS02 - Should display an error alert when credentials are invalid" classname="frontend\login.spec.ts" time="5.864">
</testcase>
<testcase name="Login › TS03 - Should display a validation message when submitting with empty fields" classname="frontend\login.spec.ts" time="4.492">
</testcase>
<testcase name="Login › TS04 - Should display a validation message when password is empty" classname="frontend\login.spec.ts" time="4.348">
</testcase>
<testcase name="Login › TS05 - Should navigate to the register page when clicking the create account button" classname="frontend\login.spec.ts" time="4.597">
</testcase>
</testsuite>
<testsuite name="frontend\orders.checkout.spec.ts" timestamp="2026-04-05T20:32:55.559Z" hostname="frontend-webkit" tests="2" failures="0" skipped="0" time="23.796" errors="0">
<testcase name="Frontend Checkout with Orders API › deve chamar POST /api/orders e concluir pagamento antes de ir para thank-you" classname="frontend\orders.checkout.spec.ts" time="13.641">
</testcase>
<testcase name="Frontend Checkout with Orders API › deve permanecer no carrinho quando POST /api/orders falhar" classname="frontend\orders.checkout.spec.ts" time="10.155">
</testcase>
</testsuite>
<testsuite name="frontend\payments-card-brands.spec.ts" timestamp="2026-04-05T20:32:55.559Z" hostname="frontend-webkit" tests="4" failures="0" skipped="0" time="96.139" errors="0">
<testcase name="Payments - Card Brands › TS01 should hide brands initially and show strip after typing card number" classname="frontend\payments-card-brands.spec.ts" time="13.738">
</testcase>
<testcase name="Payments - Card Brands › TS02 should activate each card brand when matching number is typed" classname="frontend\payments-card-brands.spec.ts" time="25.199">
</testcase>
<testcase name="Payments - Card Brands › TS03 should render all required card brands in accepted list" classname="frontend\payments-card-brands.spec.ts" time="14.158">
</testcase>
<testcase name="Payments - Card Brands › TS04 should capture screenshot for each card brand before confirmation" classname="frontend\payments-card-brands.spec.ts" time="43.044">
<system-out>
<![CDATA[
[[ATTACHMENT|..\test-results\frontend-payments-card-bra-39c10-d-brand-before-confirmation-frontend-webkit\attachments\payments-card-data-before-confirmation-visa-41b5e5159b95691e0e7c084000946c9f88eddbf7.png]]

[[ATTACHMENT|..\test-results\frontend-payments-card-bra-39c10-d-brand-before-confirmation-frontend-webkit\attachments\payments-card-data-before-confirmation-mastercard-f97b3a05a7b65e486bf58bd6039e04a400214779.png]]

[[ATTACHMENT|..\test-results\frontend-payments-card-bra-39c10-d-brand-before-confirmation-frontend-webkit\attachments\payments-card-data-before-confirmation-elo-a8ef1c0625c10b88615679cf77bc592bcab7d415.png]]

[[ATTACHMENT|..\test-results\frontend-payments-card-bra-39c10-d-brand-before-confirmation-frontend-webkit\attachments\payments-card-data-before-confirmation-amex-68748bf0898faea175bf797c7de7abb23d5784e4.png]]

[[ATTACHMENT|..\test-results\frontend-payments-card-bra-39c10-d-brand-before-confirmation-frontend-webkit\attachments\payments-card-data-before-confirmation-hipercard-b7f8bba578652b24834beb5e54165a09606ae16f.png]]

[[ATTACHMENT|..\test-results\frontend-payments-card-bra-39c10-d-brand-before-confirmation-frontend-webkit\attachments\payments-card-data-before-confirmation-hiper-5971471480b18b106e8f36bc5bc08e968c3192a2.png]]

[[ATTACHMENT|..\test-results\frontend-payments-card-bra-39c10-d-brand-before-confirmation-frontend-webkit\attachments\payments-card-data-before-confirmation-cabal-c04bf714556cebf46df418cecabfee1a0ffa7c5e.png]]

[[ATTACHMENT|..\test-results\frontend-payments-card-bra-39c10-d-brand-before-confirmation-frontend-webkit\attachments\payments-card-data-before-confirmation-verdecard-683bae168c66957a70c5257c7555c080127abbd5.png]]

[[ATTACHMENT|..\test-results\frontend-payments-card-bra-39c10-d-brand-before-confirmation-frontend-webkit\attachments\payments-card-data-before-confirmation-unionpay-e5392ce46fa010de02d6fecfba6edf7646e587a6.png]]

[[ATTACHMENT|..\test-results\frontend-payments-card-bra-39c10-d-brand-before-confirmation-frontend-webkit\attachments\payments-card-data-before-confirmation-diners-5a7e5fd1f1515f6859d85983fbeb408bb5a2ab4b.png]]
]]>
</system-out>
</testcase>
</testsuite>
<testsuite name="frontend\product-details.spec.ts" timestamp="2026-04-05T20:32:55.559Z" hostname="frontend-webkit" tests="4" failures="0" skipped="0" time="14.346" errors="0">
<testcase name="Product Details › TS01 deve exibir dados principais do produto" classname="frontend\product-details.spec.ts" time="2.639">
</testcase>
<testcase name="Product Details › TS02/TS03 deve permitir adicionar ao carrinho e atualizar badge" classname="frontend\product-details.spec.ts" time="5.158">
</testcase>
<testcase name="Product Details › TS04 deve tratar ID inválido" classname="frontend\product-details.spec.ts" time="2.615">
</testcase>
<testcase name="Product Details › TS05 deve voltar para catálogo" classname="frontend\product-details.spec.ts" time="3.934">
</testcase>
</testsuite>
<testsuite name="frontend\real-purchase-flow.spec.ts" timestamp="2026-04-05T20:32:55.559Z" hostname="frontend-webkit" tests="3" failures="0" skipped="0" time="85.987" errors="0">
<testcase name="🛒 Fluxo de Compra Real (sem mock) › TS01 — Login real + produto aleatório + checkout + pagamento com cartão" classname="frontend\real-purchase-flow.spec.ts" time="29.701">
<system-out>
<![CDATA[
▶ Produto sorteado: [6] Clean Architecture: A Craftsman's Guide to Software Structure and Design — R$ 233.44

✅ Compra com cartão concluída! Produto: Clean Architecture: A Craftsman's Guide to Software Structure and Design
   API pagamento: HTTP 201 — status: authorized
]]>
</system-out>
</testcase>
<testcase name="🛒 Fluxo de Compra Real (sem mock) › TS02 — Busca de produto real + compra com cartão de crédito" classname="frontend\real-purchase-flow.spec.ts" time="31.912">
<system-out>
<![CDATA[
▶ Produto: [5] Smartphone
▶ Termo de busca: "Smartphone"

✅ Compra via busca concluída! Termo: "Smartphone"
]]>
</system-out>
</testcase>
<testcase name="🛒 Fluxo de Compra Real (sem mock) › TS03 — Múltiplos produtos aleatórios + checkout com PIX" classname="frontend\real-purchase-flow.spec.ts" time="24.374">
<system-out>
<![CDATA[
▶ Adicionando até 3 produtos aleatórios:
   • [1] Relógio Elegante — R$ 50.99
   • [3] Fones de Ouvido — R$ 35.99
   • [10] eXtreme Go Horse (XGH) — R$ 49.9

✅ Compra com PIX concluída! 3 produto(s).
]]>
</system-out>
</testcase>
</testsuite>
<testsuite name="frontend\register-language.spec.ts" timestamp="2026-04-05T20:32:55.559Z" hostname="frontend-webkit" tests="4" failures="0" skipped="0" time="26.976" errors="0">
<testcase name="Register and Language › TS01 registro PF completo com sucesso" classname="frontend\register-language.spec.ts" time="13.797">
</testcase>
<testcase name="Register and Language › TS03 validação de campos obrigatórios no registro" classname="frontend\register-language.spec.ts" time="3.674">
</testcase>
<testcase name="Register and Language › TS01/TS02 idioma alterna e persiste após reload" classname="frontend\register-language.spec.ts" time="4.604">
</testcase>
<testcase name="Register and Language › TS04 should render cart empty-state content in English after language toggle" classname="frontend\register-language.spec.ts" time="4.901">
</testcase>
</testsuite>
<testsuite name="frontend\register-login.spec.ts" timestamp="2026-04-05T20:32:55.559Z" hostname="frontend-webkit" tests="3" failures="0" skipped="0" time="53.658" errors="0">
<testcase name="Register → Login — Fluxo Completo › TS01 - Should register a new user and immediately login with the same credentials" classname="frontend\register-login.spec.ts" time="23.778">
</testcase>
<testcase name="Register → Login — Fluxo Completo › TS02 - Should allow the user to log out and log back in with the same credentials" classname="frontend\register-login.spec.ts" time="23.778">
</testcase>
<testcase name="Register → Login — Fluxo Completo › TS03 - Should show an error when logging in with wrong password after registration" classname="frontend\register-login.spec.ts" time="6.102">
</testcase>
</testsuite>
<testsuite name="frontend\register.spec.ts" timestamp="2026-04-05T20:32:55.559Z" hostname="frontend-webkit" tests="7" failures="0" skipped="0" time="84.942" errors="0">
<testcase name="Register › TS01 - Should successfully register a new user when providing all valid requirements" classname="frontend\register.spec.ts" time="16.463">
</testcase>
<testcase name="Register › TS02 - rejeita email em formato inválido aleatório" classname="frontend\register.spec.ts" time="9.853">
</testcase>
<testcase name="Register › TS03 - rejeita senha curta no step 0" classname="frontend\register.spec.ts" time="15.863">
</testcase>
<testcase name="Register › TS04 - rejeita senhas não-correspondentes com dados aleatórios" classname="frontend\register.spec.ts" time="14.938">
</testcase>
<testcase name="Register › TS05 - Should display specific validation errors and prevent step advancement when individual required fields are empty" classname="frontend\register.spec.ts" time="9.096">
</testcase>
<testcase name="Register › TS06 - rejeita email duplicado com dados aleatórios" classname="frontend\register.spec.ts" time="12.999">
</testcase>
<testcase name="Register › TS07 - valida todos os campos vazios com mensagens de validação individuais" classname="frontend\register.spec.ts" time="5.73">
</testcase>
</testsuite>
<testsuite name="frontend\security.spec.ts" timestamp="2026-04-05T20:32:55.559Z" hostname="frontend-webkit" tests="3" failures="0" skipped="0" time="17.655" errors="0">
<testcase name="Security / Access Control › SE01 - Não logado tentando fazer checkout deve redirecionar para login" classname="frontend\security.spec.ts" time="9.766">
</testcase>
<testcase name="Security / Access Control › SE02 - Tentar acessar a página de confirmação (/thank-you) diretamente sem estar logado deve redirecionar" classname="frontend\security.spec.ts" time="2.907">
</testcase>
<testcase name="Security / Access Control › SE03 - Should revoke protected access after logout" classname="frontend\security.spec.ts" time="4.982">
</testcase>
</testsuite>
<testsuite name="frontend\admin-management.spec.ts" timestamp="2026-04-05T20:32:55.559Z" hostname="frontend-edge" tests="2" failures="1" skipped="1" time="2.922" errors="0">
<testcase name="Admin management › ADM01 - admin deve listar produtos reais e excluir o último cadastrado" classname="frontend\admin-management.spec.ts" time="2.922">
<failure message="admin-management.spec.ts:117:3 ADM01 - admin deve listar produtos reais e excluir o último cadastrado" type="FAILURE">
<![CDATA[  [frontend-edge] › frontend\admin-management.spec.ts:117:3 › Admin management › ADM01 - admin deve listar produtos reais e excluir o último cadastrado 

    Error: expect(received).toBe(expected) // Object.is equality

    Expected: 200
    Received: 401

      45 |   });
      46 |
    > 47 |   expect(response.status()).toBe(200);
         |                             ^
      48 |   const payload = await response.json();
      49 |   expect(payload.accessToken).toBeTruthy();
      50 |   expect(payload.user?.isAdmin).toBeTruthy();
        at loginAsAdmin (D:\github-projects\tester.com\web\e2e\specs\frontend\admin-management.spec.ts:47:29)
        at D:\github-projects\tester.com\web\e2e\specs\frontend\admin-management.spec.ts:119:26

    attachment #1: screenshot (image/png) ──────────────────────────────────────────────────────────
    ..\..\..\..\test-results\frontend-admin-management--8c51a-excluir-o-último-cadastrado-frontend-edge\test-failed-1.png
    ────────────────────────────────────────────────────────────────────────────────────────────────

    attachment #3: video (video/webm) ──────────────────────────────────────────────────────────────
    ..\..\..\..\test-results\frontend-admin-management--8c51a-excluir-o-último-cadastrado-frontend-edge\video.webm
    ────────────────────────────────────────────────────────────────────────────────────────────────

    Retry #1 ───────────────────────────────────────────────────────────────────────────────────────

    Error: expect(received).toBe(expected) // Object.is equality

    Expected: 200
    Received: 401

      45 |   });
      46 |
    > 47 |   expect(response.status()).toBe(200);
         |                             ^
      48 |   const payload = await response.json();
      49 |   expect(payload.accessToken).toBeTruthy();
      50 |   expect(payload.user?.isAdmin).toBeTruthy();
        at loginAsAdmin (D:\github-projects\tester.com\web\e2e\specs\frontend\admin-management.spec.ts:47:29)
        at D:\github-projects\tester.com\web\e2e\specs\frontend\admin-management.spec.ts:119:26

    attachment #1: screenshot (image/png) ──────────────────────────────────────────────────────────
    ..\..\..\..\test-results\frontend-admin-management--8c51a-excluir-o-último-cadastrado-frontend-edge-retry1\test-failed-1.png
    ────────────────────────────────────────────────────────────────────────────────────────────────

    attachment #3: video (video/webm) ──────────────────────────────────────────────────────────────
    ..\..\..\..\test-results\frontend-admin-management--8c51a-excluir-o-último-cadastrado-frontend-edge-retry1\video.webm
    ────────────────────────────────────────────────────────────────────────────────────────────────

    attachment #4: trace (application/zip) ─────────────────────────────────────────────────────────
    ..\..\..\..\test-results\frontend-admin-management--8c51a-excluir-o-último-cadastrado-frontend-edge-retry1\trace.zip
    Usage:

        npx playwright show-trace ..\..\..\..\test-results\frontend-admin-management--8c51a-excluir-o-último-cadastrado-frontend-edge-retry1\trace.zip

    ────────────────────────────────────────────────────────────────────────────────────────────────
]]>
</failure>
<system-out>
<![CDATA[
[[ATTACHMENT|..\test-results\frontend-admin-management--8c51a-excluir-o-último-cadastrado-frontend-edge\test-failed-1.png]]

[[ATTACHMENT|..\test-results\frontend-admin-management--8c51a-excluir-o-último-cadastrado-frontend-edge\video.webm]]

[[ATTACHMENT|..\test-results\frontend-admin-management--8c51a-excluir-o-último-cadastrado-frontend-edge-retry1\test-failed-1.png]]

[[ATTACHMENT|..\test-results\frontend-admin-management--8c51a-excluir-o-último-cadastrado-frontend-edge-retry1\video.webm]]

[[ATTACHMENT|..\test-results\frontend-admin-management--8c51a-excluir-o-último-cadastrado-frontend-edge-retry1\trace.zip]]
]]>
</system-out>
</testcase>
<testcase name="Admin management › ADM02 - admin deve listar usuários reais e excluir o último cadastrado" classname="frontend\admin-management.spec.ts" time="0">
<skipped>
</skipped>
</testcase>
</testsuite>
<testsuite name="frontend\auth.spec.ts" timestamp="2026-04-05T20:32:55.559Z" hostname="frontend-edge" tests="6" failures="0" skipped="0" time="12.844" errors="0">
<testcase name="Login › TS01 - should log in successfully with next redirect and greeting" classname="frontend\auth.spec.ts" time="2.135">
</testcase>
<testcase name="Login › TS02 - should display error for invalid credentials" classname="frontend\auth.spec.ts" time="2.246">
</testcase>
<testcase name="Login › TS03 - should validate required fields" classname="frontend\auth.spec.ts" time="1.906">
</testcase>
<testcase name="Login › TS04 - should show validation when password is blank" classname="frontend\auth.spec.ts" time="1.824">
</testcase>
<testcase name="Login › TS05 - should show validation when email is blank" classname="frontend\auth.spec.ts" time="1.816">
</testcase>
<testcase name="Login › TS06 - should keep authenticated state after reload" classname="frontend\auth.spec.ts" time="2.917">
</testcase>
</testsuite>
<testsuite name="frontend\cart-checkout.spec.ts" timestamp="2026-04-05T20:32:55.559Z" hostname="frontend-edge" tests="12" failures="0" skipped="0" time="80.877" errors="0">
<testcase name="Cart and Checkout › TS01 authenticated user should complete checkout and navigate to thank-you page" classname="frontend\cart-checkout.spec.ts" time="7.55">
</testcase>
<testcase name="Cart and Checkout › TS02 non-authenticated user should be redirected to login with next parameter" classname="frontend\cart-checkout.spec.ts" time="6.461">
</testcase>
<testcase name="Cart and Checkout › TS03 empty cart should keep checkout unavailable" classname="frontend\cart-checkout.spec.ts" time="1.207">
</testcase>
<testcase name="Cart and Checkout › TS04 should update quantity, total and badge for a valid positive value" classname="frontend\cart-checkout.spec.ts" time="7.091">
</testcase>
<testcase name="Cart and Checkout › TS05 should keep previous quantity when value is zero" classname="frontend\cart-checkout.spec.ts" time="6.431">
</testcase>
<testcase name="Cart and Checkout › TS06 should keep previous quantity when value is negative" classname="frontend\cart-checkout.spec.ts" time="6.805">
</testcase>
<testcase name="Cart and Checkout › TS07 should handle larger valid quantity values correctly" classname="frontend\cart-checkout.spec.ts" time="6.56">
</testcase>
<testcase name="Cart and Checkout › TS08 should normalize decimal input to integer quantity" classname="frontend\cart-checkout.spec.ts" time="6.343">
</testcase>
<testcase name="Cart and Checkout › TS09 should remove a single item and show empty cart state" classname="frontend\cart-checkout.spec.ts" time="6.554">
</testcase>
<testcase name="Cart and Checkout › TS10 should add three items, remove all of them, and validate empty cart" classname="frontend\cart-checkout.spec.ts" time="7.127">
</testcase>
<testcase name="Cart and Checkout › TS11 should clear cart after successful checkout when leaving thank-you page" classname="frontend\cart-checkout.spec.ts" time="11.868">
</testcase>
<testcase name="Cart and Checkout › TS12 should decrement cart badge after each item removal" classname="frontend\cart-checkout.spec.ts" time="6.88">
</testcase>
</testsuite>
<testsuite name="frontend\catalog.spec.ts" timestamp="2026-04-05T20:32:55.559Z" hostname="frontend-edge" tests="6" failures="0" skipped="0" time="9.382" errors="0">
<testcase name="Catalog Page › TS01 deve listar produtos ao carregar página" classname="frontend\catalog.spec.ts" time="1.268">
</testcase>
<testcase name="Catalog Page › TS02 deve permitir busca por texto e atualizar contagem" classname="frontend\catalog.spec.ts" time="1.286">
</testcase>
<testcase name="Catalog Page › TS03 deve aplicar filtro por categoria" classname="frontend\catalog.spec.ts" time="1.38">
</testcase>
<testcase name="Catalog Page › TS04 deve mostrar estado vazio quando busca não retorna itens" classname="frontend\catalog.spec.ts" time="1.336">
</testcase>
<testcase name="Catalog Page › TS05 deve navegar para detalhes ao clicar no produto" classname="frontend\catalog.spec.ts" time="2.099">
</testcase>
<testcase name="Catalog Page › TS06 should preserve search filter after navigating to details and back" classname="frontend\catalog.spec.ts" time="2.013">
</testcase>
</testsuite>
<testsuite name="frontend\login.spec.ts" timestamp="2026-04-05T20:32:55.559Z" hostname="frontend-edge" tests="5" failures="0" skipped="0" time="7.999" errors="0">
<testcase name="Login › TS01 - Should successfully log in when providing valid credentials" classname="frontend\login.spec.ts" time="1.888">
</testcase>
<testcase name="Login › TS02 - Should display an error alert when credentials are invalid" classname="frontend\login.spec.ts" time="1.567">
</testcase>
<testcase name="Login › TS03 - Should display a validation message when submitting with empty fields" classname="frontend\login.spec.ts" time="1.457">
</testcase>
<testcase name="Login › TS04 - Should display a validation message when password is empty" classname="frontend\login.spec.ts" time="1.488">
</testcase>
<testcase name="Login › TS05 - Should navigate to the register page when clicking the create account button" classname="frontend\login.spec.ts" time="1.599">
</testcase>
</testsuite>
<testsuite name="frontend\orders.checkout.spec.ts" timestamp="2026-04-05T20:32:55.559Z" hostname="frontend-edge" tests="2" failures="0" skipped="0" time="13.253" errors="0">
<testcase name="Frontend Checkout with Orders API › deve chamar POST /api/orders e concluir pagamento antes de ir para thank-you" classname="frontend\orders.checkout.spec.ts" time="6.589">
</testcase>
<testcase name="Frontend Checkout with Orders API › deve permanecer no carrinho quando POST /api/orders falhar" classname="frontend\orders.checkout.spec.ts" time="6.664">
</testcase>
</testsuite>
<testsuite name="frontend\payments-card-brands.spec.ts" timestamp="2026-04-05T20:32:55.559Z" hostname="frontend-edge" tests="4" failures="0" skipped="0" time="32.847" errors="0">
<testcase name="Payments - Card Brands › TS01 should hide brands initially and show strip after typing card number" classname="frontend\payments-card-brands.spec.ts" time="7.107">
</testcase>
<testcase name="Payments - Card Brands › TS02 should activate each card brand when matching number is typed" classname="frontend\payments-card-brands.spec.ts" time="8.442">
</testcase>
<testcase name="Payments - Card Brands › TS03 should render all required card brands in accepted list" classname="frontend\payments-card-brands.spec.ts" time="7.069">
</testcase>
<testcase name="Payments - Card Brands › TS04 should capture screenshot for each card brand before confirmation" classname="frontend\payments-card-brands.spec.ts" time="10.229">
<system-out>
<![CDATA[
[[ATTACHMENT|..\test-results\frontend-payments-card-bra-39c10-d-brand-before-confirmation-frontend-edge\attachments\payments-card-data-before-confirmation-visa-44bd3fbf6f69cfbcb02b9b7b9056f89f743d6560.png]]

[[ATTACHMENT|..\test-results\frontend-payments-card-bra-39c10-d-brand-before-confirmation-frontend-edge\attachments\payments-card-data-before-confirmation-mastercard-66a40b47dab2646c92ece145e3c7843aadfb0b4b.png]]

[[ATTACHMENT|..\test-results\frontend-payments-card-bra-39c10-d-brand-before-confirmation-frontend-edge\attachments\payments-card-data-before-confirmation-elo-34afb5481362240c39e22b6860f9023f7d15ab6a.png]]

[[ATTACHMENT|..\test-results\frontend-payments-card-bra-39c10-d-brand-before-confirmation-frontend-edge\attachments\payments-card-data-before-confirmation-amex-3e281f32636ce06f745787e67adbe5b914989850.png]]

[[ATTACHMENT|..\test-results\frontend-payments-card-bra-39c10-d-brand-before-confirmation-frontend-edge\attachments\payments-card-data-before-confirmation-hipercard-0db61d923f00020ff3fbf24966c4c84bbe780446.png]]

[[ATTACHMENT|..\test-results\frontend-payments-card-bra-39c10-d-brand-before-confirmation-frontend-edge\attachments\payments-card-data-before-confirmation-hiper-280389e99c168917e96e875641282d2d2195f693.png]]

[[ATTACHMENT|..\test-results\frontend-payments-card-bra-39c10-d-brand-before-confirmation-frontend-edge\attachments\payments-card-data-before-confirmation-cabal-5e2970b2381cb9862a9db1e4a9f8dc42ba1c070f.png]]

[[ATTACHMENT|..\test-results\frontend-payments-card-bra-39c10-d-brand-before-confirmation-frontend-edge\attachments\payments-card-data-before-confirmation-verdecard-3d25f9f2aeefb1238b1f6c3fea662c54805c5ffb.png]]

[[ATTACHMENT|..\test-results\frontend-payments-card-bra-39c10-d-brand-before-confirmation-frontend-edge\attachments\payments-card-data-before-confirmation-unionpay-e3dc33b8a97b29b629673e51acfad05410322937.png]]

[[ATTACHMENT|..\test-results\frontend-payments-card-bra-39c10-d-brand-before-confirmation-frontend-edge\attachments\payments-card-data-before-confirmation-diners-13df9fa3b84d5014d587e9db32e8ac829c54f22a.png]]
]]>
</system-out>
</testcase>
</testsuite>
<testsuite name="frontend\product-details.spec.ts" timestamp="2026-04-05T20:32:55.559Z" hostname="frontend-edge" tests="4" failures="0" skipped="0" time="7.55" errors="0">
<testcase name="Product Details › TS01 deve exibir dados principais do produto" classname="frontend\product-details.spec.ts" time="1.765">
</testcase>
<testcase name="Product Details › TS02/TS03 deve permitir adicionar ao carrinho e atualizar badge" classname="frontend\product-details.spec.ts" time="2.486">
</testcase>
<testcase name="Product Details › TS04 deve tratar ID inválido" classname="frontend\product-details.spec.ts" time="1.633">
</testcase>
<testcase name="Product Details › TS05 deve voltar para catálogo" classname="frontend\product-details.spec.ts" time="1.666">
</testcase>
</testsuite>
<testsuite name="frontend\real-purchase-flow.spec.ts" timestamp="2026-04-05T20:32:55.559Z" hostname="frontend-edge" tests="3" failures="0" skipped="0" time="36.807" errors="0">
<testcase name="🛒 Fluxo de Compra Real (sem mock) › TS01 — Login real + produto aleatório + checkout + pagamento com cartão" classname="frontend\real-purchase-flow.spec.ts" time="12.645">
<system-out>
<![CDATA[
▶ Produto sorteado: [7] Gshield Mochila Mala de Mão — R$ 284.99

✅ Compra com cartão concluída! Produto: Gshield Mochila Mala de Mão
   API pagamento: HTTP 201 — status: authorized
]]>
</system-out>
</testcase>
<testcase name="🛒 Fluxo de Compra Real (sem mock) › TS02 — Busca de produto real + compra com cartão de crédito" classname="frontend\real-purchase-flow.spec.ts" time="13.632">
<system-out>
<![CDATA[
▶ Produto: [3] Fones de Ouvido
▶ Termo de busca: "Fones de"

✅ Compra via busca concluída! Termo: "Fones de"
]]>
</system-out>
</testcase>
<testcase name="🛒 Fluxo de Compra Real (sem mock) › TS03 — Múltiplos produtos aleatórios + checkout com PIX" classname="frontend\real-purchase-flow.spec.ts" time="10.53">
<system-out>
<![CDATA[
▶ Adicionando até 3 produtos aleatórios:
   • [3] Fones de Ouvido — R$ 35.99
   • [2] Câmera Vintage — R$ 85.5
   • [7] Gshield Mochila Mala de Mão — R$ 284.99

✅ Compra com PIX concluída! 3 produto(s).
]]>
</system-out>
</testcase>
</testsuite>
<testsuite name="frontend\register-language.spec.ts" timestamp="2026-04-05T20:32:55.559Z" hostname="frontend-edge" tests="4" failures="0" skipped="0" time="11.111" errors="0">
<testcase name="Register and Language › TS01 registro PF completo com sucesso" classname="frontend\register-language.spec.ts" time="5.898">
</testcase>
<testcase name="Register and Language › TS03 validação de campos obrigatórios no registro" classname="frontend\register-language.spec.ts" time="1.568">
</testcase>
<testcase name="Register and Language › TS01/TS02 idioma alterna e persiste após reload" classname="frontend\register-language.spec.ts" time="2.049">
</testcase>
<testcase name="Register and Language › TS04 should render cart empty-state content in English after language toggle" classname="frontend\register-language.spec.ts" time="1.596">
</testcase>
</testsuite>
<testsuite name="frontend\register-login.spec.ts" timestamp="2026-04-05T20:32:55.559Z" hostname="frontend-edge" tests="3" failures="0" skipped="0" time="12.119" errors="0">
<testcase name="Register → Login — Fluxo Completo › TS01 - Should register a new user and immediately login with the same credentials" classname="frontend\register-login.spec.ts" time="3.145">
</testcase>
<testcase name="Register → Login — Fluxo Completo › TS02 - Should allow the user to log out and log back in with the same credentials" classname="frontend\register-login.spec.ts" time="7.394">
</testcase>
<testcase name="Register → Login — Fluxo Completo › TS03 - Should show an error when logging in with wrong password after registration" classname="frontend\register-login.spec.ts" time="1.58">
</testcase>
</testsuite>
<testsuite name="frontend\register.spec.ts" timestamp="2026-04-05T20:32:55.559Z" hostname="frontend-edge" tests="7" failures="0" skipped="0" time="15.852" errors="0">
<testcase name="Register › TS01 - Should successfully register a new user when providing all valid requirements" classname="frontend\register.spec.ts" time="3.088">
</testcase>
<testcase name="Register › TS02 - rejeita email em formato inválido aleatório" classname="frontend\register.spec.ts" time="2.069">
</testcase>
<testcase name="Register › TS03 - rejeita senha curta no step 0" classname="frontend\register.spec.ts" time="1.933">
</testcase>
<testcase name="Register › TS04 - rejeita senhas não-correspondentes com dados aleatórios" classname="frontend\register.spec.ts" time="2.125">
</testcase>
<testcase name="Register › TS05 - Should display specific validation errors and prevent step advancement when individual required fields are empty" classname="frontend\register.spec.ts" time="1.904">
</testcase>
<testcase name="Register › TS06 - rejeita email duplicado com dados aleatórios" classname="frontend\register.spec.ts" time="2.983">
</testcase>
<testcase name="Register › TS07 - valida todos os campos vazios com mensagens de validação individuais" classname="frontend\register.spec.ts" time="1.75">
</testcase>
</testsuite>
<testsuite name="frontend\security.spec.ts" timestamp="2026-04-05T20:32:55.559Z" hostname="frontend-edge" tests="3" failures="0" skipped="0" time="10.253" errors="0">
<testcase name="Security / Access Control › SE01 - Não logado tentando fazer checkout deve redirecionar para login" classname="frontend\security.spec.ts" time="6.698">
</testcase>
<testcase name="Security / Access Control › SE02 - Tentar acessar a página de confirmação (/thank-you) diretamente sem estar logado deve redirecionar" classname="frontend\security.spec.ts" time="1.673">
</testcase>
<testcase name="Security / Access Control › SE03 - Should revoke protected access after logout" classname="frontend\security.spec.ts" time="1.882">
</testcase>
</testsuite>
<testsuite name="api\cart.api.spec.ts" timestamp="2026-04-05T20:32:55.559Z" hostname="api" tests="14" failures="8" skipped="0" time="11.38" errors="0">
<testcase name="API Cart › deve adicionar, incrementar, listar e remover item do carrinho" classname="api\cart.api.spec.ts" time="0.642">
<failure message="cart.api.spec.ts:47:3 deve adicionar, incrementar, listar e remover item do carrinho" type="FAILURE">
<![CDATA[  [api] › api\cart.api.spec.ts:47:3 › API Cart › deve adicionar, incrementar, listar e remover item do carrinho 

    Error: expect(received).toBe(expected) // Object.is equality

    Expected: 201
    Received: 401

      40 |   });
      41 |
    > 42 |   expect(response.status()).toBe(201);
         |                             ^
      43 |   return response.json();
      44 | }
      45 |
        at createProduct (D:\github-projects\tester.com\web\e2e\specs\api\cart.api.spec.ts:42:29)
        at D:\github-projects\tester.com\web\e2e\specs\api\cart.api.spec.ts:49:21

    Retry #1 ───────────────────────────────────────────────────────────────────────────────────────

    Error: expect(received).toBe(expected) // Object.is equality

    Expected: 201
    Received: 401

      40 |   });
      41 |
    > 42 |   expect(response.status()).toBe(201);
         |                             ^
      43 |   return response.json();
      44 | }
      45 |
        at createProduct (D:\github-projects\tester.com\web\e2e\specs\api\cart.api.spec.ts:42:29)
        at D:\github-projects\tester.com\web\e2e\specs\api\cart.api.spec.ts:49:21

    attachment #1: trace (application/zip) ─────────────────────────────────────────────────────────
    ..\..\..\..\test-results\api-cart.api-API-Cart-deve-dc1a9--e-remover-item-do-carrinho-api-retry1\trace.zip
    Usage:

        npx playwright show-trace ..\..\..\..\test-results\api-cart.api-API-Cart-deve-dc1a9--e-remover-item-do-carrinho-api-retry1\trace.zip

    ────────────────────────────────────────────────────────────────────────────────────────────────
]]>
</failure>
<system-out>
<![CDATA[
[[ATTACHMENT|..\test-results\api-cart.api-API-Cart-deve-dc1a9--e-remover-item-do-carrinho-api-retry1\trace.zip]]
]]>
</system-out>
</testcase>
<testcase name="API Cart › deve validar erros de payload do carrinho" classname="api\cart.api.spec.ts" time="0.072">
</testcase>
<testcase name="API Cart › deve retornar 401 com mensagem padronizada para token ausente no POST" classname="api\cart.api.spec.ts" time="0.12">
<failure message="cart.api.spec.ts:101:3 deve retornar 401 com mensagem padronizada para token ausente no POST" type="FAILURE">
<![CDATA[  [api] › api\cart.api.spec.ts:101:3 › API Cart › deve retornar 401 com mensagem padronizada para token ausente no POST 

    Error: expect(received).toBe(expected) // Object.is equality

    Expected: "Token de acesso ausente, inválido, expirado ou usuário do token não existe mais"
    Received: "Access token missing, invalid, expired, or token user no longer exists"

      106 |     expect(response.status()).toBe(401);
      107 |     const payload = await response.json();
    > 108 |     expect(payload.error).toBe('Token de acesso ausente, inválido, expirado ou usuário do token não existe mais');
          |                           ^
      109 |   });
      110 |
      111 |   test('deve retornar 400 para cartItemId ausente quando autenticado', async ({ request }) => {
        at D:\github-projects\tester.com\web\e2e\specs\api\cart.api.spec.ts:108:27

    Retry #1 ───────────────────────────────────────────────────────────────────────────────────────

    Error: expect(received).toBe(expected) // Object.is equality

    Expected: "Token de acesso ausente, inválido, expirado ou usuário do token não existe mais"
    Received: "Access token missing, invalid, expired, or token user no longer exists"

      106 |     expect(response.status()).toBe(401);
      107 |     const payload = await response.json();
    > 108 |     expect(payload.error).toBe('Token de acesso ausente, inválido, expirado ou usuário do token não existe mais');
          |                           ^
      109 |   });
      110 |
      111 |   test('deve retornar 400 para cartItemId ausente quando autenticado', async ({ request }) => {
        at D:\github-projects\tester.com\web\e2e\specs\api\cart.api.spec.ts:108:27

    attachment #1: trace (application/zip) ─────────────────────────────────────────────────────────
    ..\..\..\..\test-results\api-cart.api-API-Cart-deve-ee712--para-token-ausente-no-POST-api-retry1\trace.zip
    Usage:

        npx playwright show-trace ..\..\..\..\test-results\api-cart.api-API-Cart-deve-ee712--para-token-ausente-no-POST-api-retry1\trace.zip

    ────────────────────────────────────────────────────────────────────────────────────────────────
]]>
</failure>
<system-out>
<![CDATA[
[[ATTACHMENT|..\test-results\api-cart.api-API-Cart-deve-ee712--para-token-ausente-no-POST-api-retry1\trace.zip]]
]]>
</system-out>
</testcase>
<testcase name="API Cart › deve retornar 400 para cartItemId ausente quando autenticado" classname="api\cart.api.spec.ts" time="0.562">
</testcase>
<testcase name="API Cart › deve retornar 404 ao remover item inexistente para usuário autenticado" classname="api\cart.api.spec.ts" time="0.555">
</testcase>
<testcase name="API Cart › deve buscar item do carrinho por ID quando existir" classname="api\cart.api.spec.ts" time="0.63">
<failure message="cart.api.spec.ts:135:3 deve buscar item do carrinho por ID quando existir" type="FAILURE">
<![CDATA[  [api] › api\cart.api.spec.ts:135:3 › API Cart › deve buscar item do carrinho por ID quando existir 

    Error: expect(received).toBe(expected) // Object.is equality

    Expected: 201
    Received: 401

      40 |   });
      41 |
    > 42 |   expect(response.status()).toBe(201);
         |                             ^
      43 |   return response.json();
      44 | }
      45 |
        at createProduct (D:\github-projects\tester.com\web\e2e\specs\api\cart.api.spec.ts:42:29)
        at D:\github-projects\tester.com\web\e2e\specs\api\cart.api.spec.ts:137:21

    Retry #1 ───────────────────────────────────────────────────────────────────────────────────────

    Error: expect(received).toBe(expected) // Object.is equality

    Expected: 201
    Received: 401

      40 |   });
      41 |
    > 42 |   expect(response.status()).toBe(201);
         |                             ^
      43 |   return response.json();
      44 | }
      45 |
        at createProduct (D:\github-projects\tester.com\web\e2e\specs\api\cart.api.spec.ts:42:29)
        at D:\github-projects\tester.com\web\e2e\specs\api\cart.api.spec.ts:137:21

    attachment #1: trace (application/zip) ─────────────────────────────────────────────────────────
    ..\..\..\..\test-results\api-cart.api-API-Cart-deve-d38c8-rinho-por-ID-quando-existir-api-retry1\trace.zip
    Usage:

        npx playwright show-trace ..\..\..\..\test-results\api-cart.api-API-Cart-deve-d38c8-rinho-por-ID-quando-existir-api-retry1\trace.zip

    ────────────────────────────────────────────────────────────────────────────────────────────────
]]>
</failure>
<system-out>
<![CDATA[
[[ATTACHMENT|..\test-results\api-cart.api-API-Cart-deve-d38c8-rinho-por-ID-quando-existir-api-retry1\trace.zip]]
]]>
</system-out>
</testcase>
<testcase name="API Cart › deve retornar 404 com mensagem &quot;Carrinho não encontrado&quot; para ID inexistente" classname="api\cart.api.spec.ts" time="2.264">
<failure message="cart.api.spec.ts:170:3 deve retornar 404 com mensagem &quot;Carrinho não encontrado&quot; para ID inexistente" type="FAILURE">
<![CDATA[  [api] › api\cart.api.spec.ts:170:3 › API Cart › deve retornar 404 com mensagem "Carrinho não encontrado" para ID inexistente 

    Error: expect(received).toEqual(expected) // deep equality

    - Expected  - 1
    + Received  + 1

      Object {
    -   "message": "Carrinho não encontrado",
    +   "message": "Cart item not found",
      }

      178 |     expect(response.status()).toBe(404);
      179 |     const payload = await response.json();
    > 180 |     expect(payload).toEqual({ message: 'Carrinho não encontrado' });
          |                     ^
      181 |   });
      182 |
      183 |   test('deve retornar 403 ao tentar acessar carrinho de outro usuário', async ({ request }) => {
        at D:\github-projects\tester.com\web\e2e\specs\api\cart.api.spec.ts:180:21

    Retry #1 ───────────────────────────────────────────────────────────────────────────────────────

    Error: expect(received).toEqual(expected) // deep equality

    - Expected  - 1
    + Received  + 1

      Object {
    -   "message": "Carrinho não encontrado",
    +   "message": "Cart item not found",
      }

      178 |     expect(response.status()).toBe(404);
      179 |     const payload = await response.json();
    > 180 |     expect(payload).toEqual({ message: 'Carrinho não encontrado' });
          |                     ^
      181 |   });
      182 |
      183 |   test('deve retornar 403 ao tentar acessar carrinho de outro usuário', async ({ request }) => {
        at D:\github-projects\tester.com\web\e2e\specs\api\cart.api.spec.ts:180:21

    attachment #1: trace (application/zip) ─────────────────────────────────────────────────────────
    ..\..\..\..\test-results\api-cart.api-API-Cart-deve-29d33-ontrado-para-ID-inexistente-api-retry1\trace.zip
    Usage:

        npx playwright show-trace ..\..\..\..\test-results\api-cart.api-API-Cart-deve-29d33-ontrado-para-ID-inexistente-api-retry1\trace.zip

    ────────────────────────────────────────────────────────────────────────────────────────────────
]]>
</failure>
<system-out>
<![CDATA[
[[ATTACHMENT|..\test-results\api-cart.api-API-Cart-deve-29d33-ontrado-para-ID-inexistente-api-retry1\trace.zip]]
]]>
</system-out>
</testcase>
<testcase name="API Cart › deve retornar 403 ao tentar acessar carrinho de outro usuário" classname="api\cart.api.spec.ts" time="0.822">
</testcase>
<testcase name="API Cart › deve retornar 400 para userId inválido no GET do carrinho" classname="api\cart.api.spec.ts" time="0.63">
</testcase>
<testcase name="API Cart › deve retornar 400 para payload inválido no POST do carrinho autenticado" classname="api\cart.api.spec.ts" time="0.927">
</testcase>
<testcase name="API Cart › deve retornar 400 para produto duplicado no mesmo payload" classname="api\cart.api.spec.ts" time="0.918">
<failure message="cart.api.spec.ts:218:3 deve retornar 400 para produto duplicado no mesmo payload" type="FAILURE">
<![CDATA[  [api] › api\cart.api.spec.ts:218:3 › API Cart › deve retornar 400 para produto duplicado no mesmo payload 

    Error: expect(received).toBe(expected) // Object.is equality

    Expected: 201
    Received: 401

      40 |   });
      41 |
    > 42 |   expect(response.status()).toBe(201);
         |                             ^
      43 |   return response.json();
      44 | }
      45 |
        at createProduct (D:\github-projects\tester.com\web\e2e\specs\api\cart.api.spec.ts:42:29)
        at D:\github-projects\tester.com\web\e2e\specs\api\cart.api.spec.ts:220:21

    Retry #1 ───────────────────────────────────────────────────────────────────────────────────────

    Error: expect(received).toBe(expected) // Object.is equality

    Expected: 201
    Received: 401

      40 |   });
      41 |
    > 42 |   expect(response.status()).toBe(201);
         |                             ^
      43 |   return response.json();
      44 | }
      45 |
        at createProduct (D:\github-projects\tester.com\web\e2e\specs\api\cart.api.spec.ts:42:29)
        at D:\github-projects\tester.com\web\e2e\specs\api\cart.api.spec.ts:220:21

    attachment #1: trace (application/zip) ─────────────────────────────────────────────────────────
    ..\..\..\..\test-results\api-cart.api-API-Cart-deve-4f503--duplicado-no-mesmo-payload-api-retry1\trace.zip
    Usage:

        npx playwright show-trace ..\..\..\..\test-results\api-cart.api-API-Cart-deve-4f503--duplicado-no-mesmo-payload-api-retry1\trace.zip

    ────────────────────────────────────────────────────────────────────────────────────────────────
]]>
</failure>
<system-out>
<![CDATA[
[[ATTACHMENT|..\test-results\api-cart.api-API-Cart-deve-4f503--duplicado-no-mesmo-payload-api-retry1\trace.zip]]
]]>
</system-out>
</testcase>
<testcase name="API Cart › deve retornar 400 para produto inexistente" classname="api\cart.api.spec.ts" time="1.142">
<failure message="cart.api.spec.ts:240:3 deve retornar 400 para produto inexistente" type="FAILURE">
<![CDATA[  [api] › api\cart.api.spec.ts:240:3 › API Cart › deve retornar 400 para produto inexistente ───────

    Error: expect(received).toBe(expected) // Object.is equality

    Expected: "Produto não encontrado"
    Received: "Product not found"

      249 |     expect(response.status()).toBe(400);
      250 |     const payload = await response.json();
    > 251 |     expect(payload.error).toBe('Produto não encontrado');
          |                           ^
      252 |   });
      253 |
      254 |   test('deve retornar 400 para quantidade acima do limite', async ({ request }) => {
        at D:\github-projects\tester.com\web\e2e\specs\api\cart.api.spec.ts:251:27

    Retry #1 ───────────────────────────────────────────────────────────────────────────────────────

    Error: expect(received).toBe(expected) // Object.is equality

    Expected: "Produto não encontrado"
    Received: "Product not found"

      249 |     expect(response.status()).toBe(400);
      250 |     const payload = await response.json();
    > 251 |     expect(payload.error).toBe('Produto não encontrado');
          |                           ^
      252 |   });
      253 |
      254 |   test('deve retornar 400 para quantidade acima do limite', async ({ request }) => {
        at D:\github-projects\tester.com\web\e2e\specs\api\cart.api.spec.ts:251:27

    attachment #1: trace (application/zip) ─────────────────────────────────────────────────────────
    ..\..\..\..\test-results\api-cart.api-API-Cart-deve-9b8a2-00-para-produto-inexistente-api-retry1\trace.zip
    Usage:

        npx playwright show-trace ..\..\..\..\test-results\api-cart.api-API-Cart-deve-9b8a2-00-para-produto-inexistente-api-retry1\trace.zip

    ────────────────────────────────────────────────────────────────────────────────────────────────
]]>
</failure>
<system-out>
<![CDATA[
[[ATTACHMENT|..\test-results\api-cart.api-API-Cart-deve-9b8a2-00-para-produto-inexistente-api-retry1\trace.zip]]
]]>
</system-out>
</testcase>
<testcase name="API Cart › deve retornar 400 para quantidade acima do limite" classname="api\cart.api.spec.ts" time="1.19">
<failure message="cart.api.spec.ts:254:3 deve retornar 400 para quantidade acima do limite" type="FAILURE">
<![CDATA[  [api] › api\cart.api.spec.ts:254:3 › API Cart › deve retornar 400 para quantidade acima do limite 

    Error: expect(received).toBe(expected) // Object.is equality

    Expected: 201
    Received: 401

      40 |   });
      41 |
    > 42 |   expect(response.status()).toBe(201);
         |                             ^
      43 |   return response.json();
      44 | }
      45 |
        at createProduct (D:\github-projects\tester.com\web\e2e\specs\api\cart.api.spec.ts:42:29)
        at D:\github-projects\tester.com\web\e2e\specs\api\cart.api.spec.ts:256:21

    Retry #1 ───────────────────────────────────────────────────────────────────────────────────────

    Error: expect(received).toBe(expected) // Object.is equality

    Expected: 201
    Received: 401

      40 |   });
      41 |
    > 42 |   expect(response.status()).toBe(201);
         |                             ^
      43 |   return response.json();
      44 | }
      45 |
        at createProduct (D:\github-projects\tester.com\web\e2e\specs\api\cart.api.spec.ts:42:29)
        at D:\github-projects\tester.com\web\e2e\specs\api\cart.api.spec.ts:256:21

    attachment #1: trace (application/zip) ─────────────────────────────────────────────────────────
    ..\..\..\..\test-results\api-cart.api-API-Cart-deve-c0875--quantidade-acima-do-limite-api-retry1\trace.zip
    Usage:

        npx playwright show-trace ..\..\..\..\test-results\api-cart.api-API-Cart-deve-c0875--quantidade-acima-do-limite-api-retry1\trace.zip

    ────────────────────────────────────────────────────────────────────────────────────────────────
]]>
</failure>
<system-out>
<![CDATA[
[[ATTACHMENT|..\test-results\api-cart.api-API-Cart-deve-c0875--quantidade-acima-do-limite-api-retry1\trace.zip]]
]]>
</system-out>
</testcase>
<testcase name="API Cart › deve aceitar lote com múltiplos produtos diferentes" classname="api\cart.api.spec.ts" time="0.906">
<failure message="cart.api.spec.ts:271:3 deve aceitar lote com múltiplos produtos diferentes" type="FAILURE">
<![CDATA[  [api] › api\cart.api.spec.ts:271:3 › API Cart › deve aceitar lote com múltiplos produtos diferentes 

    Error: expect(received).toBe(expected) // Object.is equality

    Expected: 201
    Received: 401

      40 |   });
      41 |
    > 42 |   expect(response.status()).toBe(201);
         |                             ^
      43 |   return response.json();
      44 | }
      45 |
        at createProduct (D:\github-projects\tester.com\web\e2e\specs\api\cart.api.spec.ts:42:29)
        at D:\github-projects\tester.com\web\e2e\specs\api\cart.api.spec.ts:273:22

    Retry #1 ───────────────────────────────────────────────────────────────────────────────────────

    Error: expect(received).toBe(expected) // Object.is equality

    Expected: 201
    Received: 401

      40 |   });
      41 |
    > 42 |   expect(response.status()).toBe(201);
         |                             ^
      43 |   return response.json();
      44 | }
      45 |
        at createProduct (D:\github-projects\tester.com\web\e2e\specs\api\cart.api.spec.ts:42:29)
        at D:\github-projects\tester.com\web\e2e\specs\api\cart.api.spec.ts:273:22

    attachment #1: trace (application/zip) ─────────────────────────────────────────────────────────
    ..\..\..\..\test-results\api-cart.api-API-Cart-deve-692c3-ltiplos-produtos-diferentes-api-retry1\trace.zip
    Usage:

        npx playwright show-trace ..\..\..\..\test-results\api-cart.api-API-Cart-deve-692c3-ltiplos-produtos-diferentes-api-retry1\trace.zip

    ────────────────────────────────────────────────────────────────────────────────────────────────
]]>
</failure>
<system-out>
<![CDATA[
[[ATTACHMENT|..\test-results\api-cart.api-API-Cart-deve-692c3-ltiplos-produtos-diferentes-api-retry1\trace.zip]]
]]>
</system-out>
</testcase>
</testsuite>
<testsuite name="api\orders.api.spec.ts" timestamp="2026-04-05T20:32:55.559Z" hostname="api" tests="6" failures="5" skipped="0" time="5.166" errors="0">
<testcase name="API Orders › deve criar pedido a partir do carrinho e limpar carrinho" classname="api\orders.api.spec.ts" time="1.27">
<failure message="orders.api.spec.ts:44:3 deve criar pedido a partir do carrinho e limpar carrinho" type="FAILURE">
<![CDATA[  [api] › api\orders.api.spec.ts:44:3 › API Orders › deve criar pedido a partir do carrinho e limpar carrinho 

    Error: expect(received).toBe(expected) // Object.is equality

    Expected: 201
    Received: 401

      37 |   });
      38 |
    > 39 |   expect(response.status()).toBe(201);
         |                             ^
      40 |   return response.json();
      41 | }
      42 |
        at createProduct (D:\github-projects\tester.com\web\e2e\specs\api\orders.api.spec.ts:39:29)
        at D:\github-projects\tester.com\web\e2e\specs\api\orders.api.spec.ts:46:21

    Retry #1 ───────────────────────────────────────────────────────────────────────────────────────

    Error: expect(received).toBe(expected) // Object.is equality

    Expected: 201
    Received: 401

      37 |   });
      38 |
    > 39 |   expect(response.status()).toBe(201);
         |                             ^
      40 |   return response.json();
      41 | }
      42 |
        at createProduct (D:\github-projects\tester.com\web\e2e\specs\api\orders.api.spec.ts:39:29)
        at D:\github-projects\tester.com\web\e2e\specs\api\orders.api.spec.ts:46:21

    attachment #1: trace (application/zip) ─────────────────────────────────────────────────────────
    ..\..\..\..\test-results\api-orders.api-API-Orders--872df--carrinho-e-limpar-carrinho-api-retry1\trace.zip
    Usage:

        npx playwright show-trace ..\..\..\..\test-results\api-orders.api-API-Orders--872df--carrinho-e-limpar-carrinho-api-retry1\trace.zip

    ────────────────────────────────────────────────────────────────────────────────────────────────
]]>
</failure>
<system-out>
<![CDATA[
[[ATTACHMENT|..\test-results\api-orders.api-API-Orders--872df--carrinho-e-limpar-carrinho-api-retry1\trace.zip]]
]]>
</system-out>
</testcase>
<testcase name="API Orders › deve respeitar idempotência no POST /orders" classname="api\orders.api.spec.ts" time="0.69">
<failure message="orders.api.spec.ts:82:3 deve respeitar idempotência no POST /orders" type="FAILURE">
<![CDATA[  [api] › api\orders.api.spec.ts:82:3 › API Orders › deve respeitar idempotência no POST /orders ───

    Error: expect(received).toBe(expected) // Object.is equality

    Expected: 201
    Received: 401

      37 |   });
      38 |
    > 39 |   expect(response.status()).toBe(201);
         |                             ^
      40 |   return response.json();
      41 | }
      42 |
        at createProduct (D:\github-projects\tester.com\web\e2e\specs\api\orders.api.spec.ts:39:29)
        at D:\github-projects\tester.com\web\e2e\specs\api\orders.api.spec.ts:84:21

    Retry #1 ───────────────────────────────────────────────────────────────────────────────────────

    Error: expect(received).toBe(expected) // Object.is equality

    Expected: 201
    Received: 401

      37 |   });
      38 |
    > 39 |   expect(response.status()).toBe(201);
         |                             ^
      40 |   return response.json();
      41 | }
      42 |
        at createProduct (D:\github-projects\tester.com\web\e2e\specs\api\orders.api.spec.ts:39:29)
        at D:\github-projects\tester.com\web\e2e\specs\api\orders.api.spec.ts:84:21

    attachment #1: trace (application/zip) ─────────────────────────────────────────────────────────
    ..\..\..\..\test-results\api-orders.api-API-Orders--ea689-idempotência-no-POST-orders-api-retry1\trace.zip
    Usage:

        npx playwright show-trace ..\..\..\..\test-results\api-orders.api-API-Orders--ea689-idempotência-no-POST-orders-api-retry1\trace.zip

    ────────────────────────────────────────────────────────────────────────────────────────────────
]]>
</failure>
<system-out>
<![CDATA[
[[ATTACHMENT|..\test-results\api-orders.api-API-Orders--ea689-idempotência-no-POST-orders-api-retry1\trace.zip]]
]]>
</system-out>
</testcase>
<testcase name="API Orders › deve retornar 400 ao criar pedido com carrinho vazio" classname="api\orders.api.spec.ts" time="1.234">
<failure message="orders.api.spec.ts:116:3 deve retornar 400 ao criar pedido com carrinho vazio" type="FAILURE">
<![CDATA[  [api] › api\orders.api.spec.ts:116:3 › API Orders › deve retornar 400 ao criar pedido com carrinho vazio 

    Error: expect(received).toBe(expected) // Object.is equality

    Expected: "Carrinho vazio"
    Received: "Empty cart"

      125 |     expect(response.status()).toBe(400);
      126 |     const payload = await response.json();
    > 127 |     expect(payload.error).toBe('Carrinho vazio');
          |                           ^
      128 |   });
      129 |
      130 |   test('deve retornar 401 sem token no POST /orders', async ({ request }) => {
        at D:\github-projects\tester.com\web\e2e\specs\api\orders.api.spec.ts:127:27

    Retry #1 ───────────────────────────────────────────────────────────────────────────────────────

    Error: expect(received).toBe(expected) // Object.is equality

    Expected: "Carrinho vazio"
    Received: "Empty cart"

      125 |     expect(response.status()).toBe(400);
      126 |     const payload = await response.json();
    > 127 |     expect(payload.error).toBe('Carrinho vazio');
          |                           ^
      128 |   });
      129 |
      130 |   test('deve retornar 401 sem token no POST /orders', async ({ request }) => {
        at D:\github-projects\tester.com\web\e2e\specs\api\orders.api.spec.ts:127:27

    attachment #1: trace (application/zip) ─────────────────────────────────────────────────────────
    ..\..\..\..\test-results\api-orders.api-API-Orders--3ae5f-r-pedido-com-carrinho-vazio-api-retry1\trace.zip
    Usage:

        npx playwright show-trace ..\..\..\..\test-results\api-orders.api-API-Orders--3ae5f-r-pedido-com-carrinho-vazio-api-retry1\trace.zip

    ────────────────────────────────────────────────────────────────────────────────────────────────
]]>
</failure>
<system-out>
<![CDATA[
[[ATTACHMENT|..\test-results\api-orders.api-API-Orders--3ae5f-r-pedido-com-carrinho-vazio-api-retry1\trace.zip]]
]]>
</system-out>
</testcase>
<testcase name="API Orders › deve retornar 401 sem token no POST /orders" classname="api\orders.api.spec.ts" time="0.061">
</testcase>
<testcase name="API Orders › deve listar pedidos do usuário autenticado" classname="api\orders.api.spec.ts" time="0.698">
<failure message="orders.api.spec.ts:138:3 deve listar pedidos do usuário autenticado" type="FAILURE">
<![CDATA[  [api] › api\orders.api.spec.ts:138:3 › API Orders › deve listar pedidos do usuário autenticado ───

    Error: expect(received).toBe(expected) // Object.is equality

    Expected: 201
    Received: 401

      37 |   });
      38 |
    > 39 |   expect(response.status()).toBe(201);
         |                             ^
      40 |   return response.json();
      41 | }
      42 |
        at createProduct (D:\github-projects\tester.com\web\e2e\specs\api\orders.api.spec.ts:39:29)
        at D:\github-projects\tester.com\web\e2e\specs\api\orders.api.spec.ts:140:21

    Retry #1 ───────────────────────────────────────────────────────────────────────────────────────

    Error: expect(received).toBe(expected) // Object.is equality

    Expected: 201
    Received: 401

      37 |   });
      38 |
    > 39 |   expect(response.status()).toBe(201);
         |                             ^
      40 |   return response.json();
      41 | }
      42 |
        at createProduct (D:\github-projects\tester.com\web\e2e\specs\api\orders.api.spec.ts:39:29)
        at D:\github-projects\tester.com\web\e2e\specs\api\orders.api.spec.ts:140:21

    attachment #1: trace (application/zip) ─────────────────────────────────────────────────────────
    ..\..\..\..\test-results\api-orders.api-API-Orders--d0a13-idos-do-usuário-autenticado-api-retry1\trace.zip
    Usage:

        npx playwright show-trace ..\..\..\..\test-results\api-orders.api-API-Orders--d0a13-idos-do-usuário-autenticado-api-retry1\trace.zip

    ────────────────────────────────────────────────────────────────────────────────────────────────
]]>
</failure>
<system-out>
<![CDATA[
[[ATTACHMENT|..\test-results\api-orders.api-API-Orders--d0a13-idos-do-usuário-autenticado-api-retry1\trace.zip]]
]]>
</system-out>
</testcase>
<testcase name="API Orders › deve bloquear acesso a pedido de outro usuário (403)" classname="api\orders.api.spec.ts" time="1.213">
<failure message="orders.api.spec.ts:165:3 deve bloquear acesso a pedido de outro usuário (403)" type="FAILURE">
<![CDATA[  [api] › api\orders.api.spec.ts:165:3 › API Orders › deve bloquear acesso a pedido de outro usuário (403) 

    Error: expect(received).toBe(expected) // Object.is equality

    Expected: 201
    Received: 401

      37 |   });
      38 |
    > 39 |   expect(response.status()).toBe(201);
         |                             ^
      40 |   return response.json();
      41 | }
      42 |
        at createProduct (D:\github-projects\tester.com\web\e2e\specs\api\orders.api.spec.ts:39:29)
        at D:\github-projects\tester.com\web\e2e\specs\api\orders.api.spec.ts:168:21

    Retry #1 ───────────────────────────────────────────────────────────────────────────────────────

    Error: expect(received).toBe(expected) // Object.is equality

    Expected: 201
    Received: 401

      37 |   });
      38 |
    > 39 |   expect(response.status()).toBe(201);
         |                             ^
      40 |   return response.json();
      41 | }
      42 |
        at createProduct (D:\github-projects\tester.com\web\e2e\specs\api\orders.api.spec.ts:39:29)
        at D:\github-projects\tester.com\web\e2e\specs\api\orders.api.spec.ts:168:21

    attachment #1: trace (application/zip) ─────────────────────────────────────────────────────────
    ..\..\..\..\test-results\api-orders.api-API-Orders--b331a-edido-de-outro-usuário-403--api-retry1\trace.zip
    Usage:

        npx playwright show-trace ..\..\..\..\test-results\api-orders.api-API-Orders--b331a-edido-de-outro-usuário-403--api-retry1\trace.zip

    ────────────────────────────────────────────────────────────────────────────────────────────────
]]>
</failure>
<system-out>
<![CDATA[
[[ATTACHMENT|..\test-results\api-orders.api-API-Orders--b331a-edido-de-outro-usuário-403--api-retry1\trace.zip]]
]]>
</system-out>
</testcase>
</testsuite>
<testsuite name="api\payments.api.spec.ts" timestamp="2026-04-05T20:32:55.559Z" hostname="api" tests="3" failures="3" skipped="0" time="2.035" errors="0">
<testcase name="API Payments › deve criar pagamento de crédito autorizado e marcar pedido como paid" classname="api\payments.api.spec.ts" time="0.677">
<failure message="payments.api.spec.ts:76:3 deve criar pagamento de crédito autorizado e marcar pedido como paid" type="FAILURE">
<![CDATA[  [api] › api\payments.api.spec.ts:76:3 › API Payments › deve criar pagamento de crédito autorizado e marcar pedido como paid 

    Error: expect(received).toBe(expected) // Object.is equality

    Expected: 201
    Received: 401

      47 |   });
      48 |
    > 49 |   expect(response.status()).toBe(201);
         |                             ^
      50 |   return response.json();
      51 | }
      52 |
        at createProduct (D:\github-projects\tester.com\web\e2e\specs\api\payments.api.spec.ts:49:29)
        at createOrderForUser (D:\github-projects\tester.com\web\e2e\specs\api\payments.api.spec.ts:55:19)
        at D:\github-projects\tester.com\web\e2e\specs\api\payments.api.spec.ts:77:45

    Retry #1 ───────────────────────────────────────────────────────────────────────────────────────

    Error: expect(received).toBe(expected) // Object.is equality

    Expected: 201
    Received: 401

      47 |   });
      48 |
    > 49 |   expect(response.status()).toBe(201);
         |                             ^
      50 |   return response.json();
      51 | }
      52 |
        at createProduct (D:\github-projects\tester.com\web\e2e\specs\api\payments.api.spec.ts:49:29)
        at createOrderForUser (D:\github-projects\tester.com\web\e2e\specs\api\payments.api.spec.ts:55:19)
        at D:\github-projects\tester.com\web\e2e\specs\api\payments.api.spec.ts:77:45

    attachment #1: trace (application/zip) ─────────────────────────────────────────────────────────
    ..\..\..\..\test-results\api-payments.api-API-Payme-b5b43-o-e-marcar-pedido-como-paid-api-retry1\trace.zip
    Usage:

        npx playwright show-trace ..\..\..\..\test-results\api-payments.api-API-Payme-b5b43-o-e-marcar-pedido-como-paid-api-retry1\trace.zip

    ────────────────────────────────────────────────────────────────────────────────────────────────
]]>
</failure>
<system-out>
<![CDATA[
[[ATTACHMENT|..\test-results\api-payments.api-API-Payme-b5b43-o-e-marcar-pedido-como-paid-api-retry1\trace.zip]]
]]>
</system-out>
</testcase>
<testcase name="API Payments › deve criar pagamento pix pendente e permitir consulta por paymentId" classname="api\payments.api.spec.ts" time="0.669">
<failure message="payments.api.spec.ts:106:3 deve criar pagamento pix pendente e permitir consulta por paymentId" type="FAILURE">
<![CDATA[  [api] › api\payments.api.spec.ts:106:3 › API Payments › deve criar pagamento pix pendente e permitir consulta por paymentId 

    Error: expect(received).toBe(expected) // Object.is equality

    Expected: 201
    Received: 401

      47 |   });
      48 |
    > 49 |   expect(response.status()).toBe(201);
         |                             ^
      50 |   return response.json();
      51 | }
      52 |
        at createProduct (D:\github-projects\tester.com\web\e2e\specs\api\payments.api.spec.ts:49:29)
        at createOrderForUser (D:\github-projects\tester.com\web\e2e\specs\api\payments.api.spec.ts:55:19)
        at D:\github-projects\tester.com\web\e2e\specs\api\payments.api.spec.ts:107:45

    Retry #1 ───────────────────────────────────────────────────────────────────────────────────────

    Error: expect(received).toBe(expected) // Object.is equality

    Expected: 201
    Received: 401

      47 |   });
      48 |
    > 49 |   expect(response.status()).toBe(201);
         |                             ^
      50 |   return response.json();
      51 | }
      52 |
        at createProduct (D:\github-projects\tester.com\web\e2e\specs\api\payments.api.spec.ts:49:29)
        at createOrderForUser (D:\github-projects\tester.com\web\e2e\specs\api\payments.api.spec.ts:55:19)
        at D:\github-projects\tester.com\web\e2e\specs\api\payments.api.spec.ts:107:45

    attachment #1: trace (application/zip) ─────────────────────────────────────────────────────────
    ..\..\..\..\test-results\api-payments.api-API-Payme-86f1f-itir-consulta-por-paymentId-api-retry1\trace.zip
    Usage:

        npx playwright show-trace ..\..\..\..\test-results\api-payments.api-API-Payme-86f1f-itir-consulta-por-paymentId-api-retry1\trace.zip

    ────────────────────────────────────────────────────────────────────────────────────────────────
]]>
</failure>
<system-out>
<![CDATA[
[[ATTACHMENT|..\test-results\api-payments.api-API-Payme-86f1f-itir-consulta-por-paymentId-api-retry1\trace.zip]]
]]>
</system-out>
</testcase>
<testcase name="API Payments › deve retornar 400 quando valor de pagamento for maior que saldo do pedido" classname="api\payments.api.spec.ts" time="0.689">
<failure message="payments.api.spec.ts:141:3 deve retornar 400 quando valor de pagamento for maior que saldo do pedido" type="FAILURE">
<![CDATA[  [api] › api\payments.api.spec.ts:141:3 › API Payments › deve retornar 400 quando valor de pagamento for maior que saldo do pedido 

    Error: expect(received).toBe(expected) // Object.is equality

    Expected: 201
    Received: 401

      47 |   });
      48 |
    > 49 |   expect(response.status()).toBe(201);
         |                             ^
      50 |   return response.json();
      51 | }
      52 |
        at createProduct (D:\github-projects\tester.com\web\e2e\specs\api\payments.api.spec.ts:49:29)
        at createOrderForUser (D:\github-projects\tester.com\web\e2e\specs\api\payments.api.spec.ts:55:19)
        at D:\github-projects\tester.com\web\e2e\specs\api\payments.api.spec.ts:142:45

    Retry #1 ───────────────────────────────────────────────────────────────────────────────────────

    Error: expect(received).toBe(expected) // Object.is equality

    Expected: 201
    Received: 401

      47 |   });
      48 |
    > 49 |   expect(response.status()).toBe(201);
         |                             ^
      50 |   return response.json();
      51 | }
      52 |
        at createProduct (D:\github-projects\tester.com\web\e2e\specs\api\payments.api.spec.ts:49:29)
        at createOrderForUser (D:\github-projects\tester.com\web\e2e\specs\api\payments.api.spec.ts:55:19)
        at D:\github-projects\tester.com\web\e2e\specs\api\payments.api.spec.ts:142:45

    attachment #1: trace (application/zip) ─────────────────────────────────────────────────────────
    ..\..\..\..\test-results\api-payments.api-API-Payme-e5850-r-maior-que-saldo-do-pedido-api-retry1\trace.zip
    Usage:

        npx playwright show-trace ..\..\..\..\test-results\api-payments.api-API-Payme-e5850-r-maior-que-saldo-do-pedido-api-retry1\trace.zip

    ────────────────────────────────────────────────────────────────────────────────────────────────
]]>
</failure>
<system-out>
<![CDATA[
[[ATTACHMENT|..\test-results\api-payments.api-API-Payme-e5850-r-maior-que-saldo-do-pedido-api-retry1\trace.zip]]
]]>
</system-out>
</testcase>
</testsuite>
<testsuite name="api\products.api.spec.ts" timestamp="2026-04-05T20:32:55.559Z" hostname="api" tests="6" failures="4" skipped="0" time="1.864" errors="0">
<testcase name="API Products › deve listar produtos sem filtro de categoria" classname="api\products.api.spec.ts" time="0.052">
</testcase>
<testcase name="API Products › deve criar, buscar, filtrar, atualizar e remover produto" classname="api\products.api.spec.ts" time="0.135">
<failure message="products.api.spec.ts:12:3 deve criar, buscar, filtrar, atualizar e remover produto" type="FAILURE">
<![CDATA[  [api] › api\products.api.spec.ts:12:3 › API Products › deve criar, buscar, filtrar, atualizar e remover produto 

    Error: expect(received).toBe(expected) // Object.is equality

    Expected: 201
    Received: 401

      25 |       },
      26 |     });
    > 27 |     expect(createRes.status()).toBe(201);
         |                                ^
      28 |
      29 |     const created = await createRes.json();
      30 |     const productId = created.id;
        at D:\github-projects\tester.com\web\e2e\specs\api\products.api.spec.ts:27:32

    Retry #1 ───────────────────────────────────────────────────────────────────────────────────────

    Error: expect(received).toBe(expected) // Object.is equality

    Expected: 201
    Received: 401

      25 |       },
      26 |     });
    > 27 |     expect(createRes.status()).toBe(201);
         |                                ^
      28 |
      29 |     const created = await createRes.json();
      30 |     const productId = created.id;
        at D:\github-projects\tester.com\web\e2e\specs\api\products.api.spec.ts:27:32

    attachment #1: trace (application/zip) ─────────────────────────────────────────────────────────
    ..\..\..\..\test-results\api-products.api-API-Produ-9d89d-atualizar-e-remover-produto-api-retry1\trace.zip
    Usage:

        npx playwright show-trace ..\..\..\..\test-results\api-products.api-API-Produ-9d89d-atualizar-e-remover-produto-api-retry1\trace.zip

    ────────────────────────────────────────────────────────────────────────────────────────────────
]]>
</failure>
<system-out>
<![CDATA[
[[ATTACHMENT|..\test-results\api-products.api-API-Produ-9d89d-atualizar-e-remover-produto-api-retry1\trace.zip]]
]]>
</system-out>
</testcase>
<testcase name="API Products › deve retornar 400 ao criar produto sem campos obrigatórios" classname="api\products.api.spec.ts" time="0.134">
<failure message="products.api.spec.ts:59:3 deve retornar 400 ao criar produto sem campos obrigatórios" type="FAILURE">
<![CDATA[  [api] › api\products.api.spec.ts:59:3 › API Products › deve retornar 400 ao criar produto sem campos obrigatórios 

    Error: expect(received).toBe(expected) // Object.is equality

    Expected: 400
    Received: 401

      59 |   test('deve retornar 400 ao criar produto sem campos obrigatórios', async ({ request }) => {
      60 |     const response = await request.post('products', { data: { description: 'sem campos obrigatórios' } });
    > 61 |     expect(response.status()).toBe(400);
         |                               ^
      62 |   });
      63 |
      64 |   test('deve retornar array vazio para categoria inexistente', async ({ request }) => {
        at D:\github-projects\tester.com\web\e2e\specs\api\products.api.spec.ts:61:31

    Retry #1 ───────────────────────────────────────────────────────────────────────────────────────

    Error: expect(received).toBe(expected) // Object.is equality

    Expected: 400
    Received: 401

      59 |   test('deve retornar 400 ao criar produto sem campos obrigatórios', async ({ request }) => {
      60 |     const response = await request.post('products', { data: { description: 'sem campos obrigatórios' } });
    > 61 |     expect(response.status()).toBe(400);
         |                               ^
      62 |   });
      63 |
      64 |   test('deve retornar array vazio para categoria inexistente', async ({ request }) => {
        at D:\github-projects\tester.com\web\e2e\specs\api\products.api.spec.ts:61:31

    attachment #1: trace (application/zip) ─────────────────────────────────────────────────────────
    ..\..\..\..\test-results\api-products.api-API-Produ-c3fad-uto-sem-campos-obrigatórios-api-retry1\trace.zip
    Usage:

        npx playwright show-trace ..\..\..\..\test-results\api-products.api-API-Produ-c3fad-uto-sem-campos-obrigatórios-api-retry1\trace.zip

    ────────────────────────────────────────────────────────────────────────────────────────────────
]]>
</failure>
<system-out>
<![CDATA[
[[ATTACHMENT|..\test-results\api-products.api-API-Produ-c3fad-uto-sem-campos-obrigatórios-api-retry1\trace.zip]]
]]>
</system-out>
</testcase>
<testcase name="API Products › deve retornar array vazio para categoria inexistente" classname="api\products.api.spec.ts" time="0.025">
</testcase>
<testcase name="API Products › deve retornar 404 ao atualizar produto inexistente" classname="api\products.api.spec.ts" time="1.325">
<failure message="products.api.spec.ts:73:3 deve retornar 404 ao atualizar produto inexistente" type="FAILURE">
<![CDATA[  [api] › api\products.api.spec.ts:73:3 › API Products › deve retornar 404 ao atualizar produto inexistente 

    Error: expect(received).toBe(expected) // Object.is equality

    Expected: 404
    Received: 401

      85 |     });
      86 |
    > 87 |     expect(response.status()).toBe(404);
         |                               ^
      88 |   });
      89 |
      90 |   test('deve retornar 404 ao remover produto inexistente', async ({ request }) => {
        at D:\github-projects\tester.com\web\e2e\specs\api\products.api.spec.ts:87:31

    Retry #1 ───────────────────────────────────────────────────────────────────────────────────────

    Error: expect(received).toBe(expected) // Object.is equality

    Expected: 404
    Received: 401

      85 |     });
      86 |
    > 87 |     expect(response.status()).toBe(404);
         |                               ^
      88 |   });
      89 |
      90 |   test('deve retornar 404 ao remover produto inexistente', async ({ request }) => {
        at D:\github-projects\tester.com\web\e2e\specs\api\products.api.spec.ts:87:31

    attachment #1: trace (application/zip) ─────────────────────────────────────────────────────────
    ..\..\..\..\test-results\api-products.api-API-Produ-e2705-ualizar-produto-inexistente-api-retry1\trace.zip
    Usage:

        npx playwright show-trace ..\..\..\..\test-results\api-products.api-API-Produ-e2705-ualizar-produto-inexistente-api-retry1\trace.zip

    ────────────────────────────────────────────────────────────────────────────────────────────────
]]>
</failure>
<system-out>
<![CDATA[
[[ATTACHMENT|..\test-results\api-products.api-API-Produ-e2705-ualizar-produto-inexistente-api-retry1\trace.zip]]
]]>
</system-out>
</testcase>
<testcase name="API Products › deve retornar 404 ao remover produto inexistente" classname="api\products.api.spec.ts" time="0.193">
<failure message="products.api.spec.ts:90:3 deve retornar 404 ao remover produto inexistente" type="FAILURE">
<![CDATA[  [api] › api\products.api.spec.ts:90:3 › API Products › deve retornar 404 ao remover produto inexistente 

    Error: expect(received).toBe(expected) // Object.is equality

    Expected: 404
    Received: 401

      90 |   test('deve retornar 404 ao remover produto inexistente', async ({ request }) => {
      91 |     const response = await request.delete('products/999999999');
    > 92 |     expect(response.status()).toBe(404);
         |                               ^
      93 |   });
      94 | });
      95 |
        at D:\github-projects\tester.com\web\e2e\specs\api\products.api.spec.ts:92:31

    Retry #1 ───────────────────────────────────────────────────────────────────────────────────────

    Error: expect(received).toBe(expected) // Object.is equality

    Expected: 404
    Received: 401

      90 |   test('deve retornar 404 ao remover produto inexistente', async ({ request }) => {
      91 |     const response = await request.delete('products/999999999');
    > 92 |     expect(response.status()).toBe(404);
         |                               ^
      93 |   });
      94 | });
      95 |
        at D:\github-projects\tester.com\web\e2e\specs\api\products.api.spec.ts:92:31

    attachment #1: trace (application/zip) ─────────────────────────────────────────────────────────
    ..\..\..\..\test-results\api-products.api-API-Produ-9b57b-remover-produto-inexistente-api-retry1\trace.zip
    Usage:

        npx playwright show-trace ..\..\..\..\test-results\api-products.api-API-Produ-9b57b-remover-produto-inexistente-api-retry1\trace.zip

    ────────────────────────────────────────────────────────────────────────────────────────────────
]]>
</failure>
<system-out>
<![CDATA[
[[ATTACHMENT|..\test-results\api-products.api-API-Produ-9b57b-remover-produto-inexistente-api-retry1\trace.zip]]
]]>
</system-out>
</testcase>
</testsuite>
<testsuite name="api\users.api.spec.ts" timestamp="2026-04-05T20:32:55.559Z" hostname="api" tests="8" failures="0" skipped="0" time="2.131" errors="0">
<testcase name="API Users › deve registrar e autenticar usuário válido" classname="api\users.api.spec.ts" time="0.592">
</testcase>
<testcase name="API Users › deve retornar 409 para e-mail duplicado" classname="api\users.api.spec.ts" time="0.313">
</testcase>
<testcase name="API Users › deve retornar 401 para credenciais inválidas" classname="api\users.api.spec.ts" time="0.048">
</testcase>
<testcase name="API Users › deve retornar 401 para senha incorreta de usuário existente" classname="api\users.api.spec.ts" time="0.539">
</testcase>
<testcase name="API Users › deve retornar 400 para login sem email/senha" classname="api\users.api.spec.ts" time="0.02">
</testcase>
<testcase name="API Users › deve retornar 400 para payload incompleto" classname="api\users.api.spec.ts" time="0.025">
</testcase>
<testcase name="API Users › deve retornar 409 para CPF duplicado" classname="api\users.api.spec.ts" time="0.292">
</testcase>
<testcase name="API Users › deve retornar 409 para CNPJ duplicado" classname="api\users.api.spec.ts" time="0.302">
</testcase>
</testsuite>
</testsuites>